Archive member included to satisfy reference by file (symbol)

c:/st/stm32cubeide_1.12.1/stm32cubeide/plugins/com.st.stm32cube.ide.mcu.externaltools.gnu-tools-for-stm32.10.3-2021.10.win32_1.0.200.202301161003/tools/bin/../lib/gcc/arm-none-eabi/10.3.1/../../../../arm-none-eabi/lib/thumb/v7e-m+fp/hard\libc_nano.a(lib_a-errno.o)
                              ./Core/Src/syscalls.o (__errno)
c:/st/stm32cubeide_1.12.1/stm32cubeide/plugins/com.st.stm32cube.ide.mcu.externaltools.gnu-tools-for-stm32.10.3-2021.10.win32_1.0.200.202301161003/tools/bin/../lib/gcc/arm-none-eabi/10.3.1/../../../../arm-none-eabi/lib/thumb/v7e-m+fp/hard\libc_nano.a(lib_a-exit.o)
                              c:/st/stm32cubeide_1.12.1/stm32cubeide/plugins/com.st.stm32cube.ide.mcu.externaltools.gnu-tools-for-stm32.10.3-2021.10.win32_1.0.200.202301161003/tools/bin/../lib/gcc/arm-none-eabi/10.3.1/../../../../arm-none-eabi/lib/thumb/v7e-m+fp/hard/crt0.o (exit)
c:/st/stm32cubeide_1.12.1/stm32cubeide/plugins/com.st.stm32cube.ide.mcu.externaltools.gnu-tools-for-stm32.10.3-2021.10.win32_1.0.200.202301161003/tools/bin/../lib/gcc/arm-none-eabi/10.3.1/../../../../arm-none-eabi/lib/thumb/v7e-m+fp/hard\libc_nano.a(lib_a-impure.o)
                              c:/st/stm32cubeide_1.12.1/stm32cubeide/plugins/com.st.stm32cube.ide.mcu.externaltools.gnu-tools-for-stm32.10.3-2021.10.win32_1.0.200.202301161003/tools/bin/../lib/gcc/arm-none-eabi/10.3.1/../../../../arm-none-eabi/lib/thumb/v7e-m+fp/hard\libc_nano.a(lib_a-exit.o) (_global_impure_ptr)
c:/st/stm32cubeide_1.12.1/stm32cubeide/plugins/com.st.stm32cube.ide.mcu.externaltools.gnu-tools-for-stm32.10.3-2021.10.win32_1.0.200.202301161003/tools/bin/../lib/gcc/arm-none-eabi/10.3.1/../../../../arm-none-eabi/lib/thumb/v7e-m+fp/hard\libc_nano.a(lib_a-init.o)
                              c:/st/stm32cubeide_1.12.1/stm32cubeide/plugins/com.st.stm32cube.ide.mcu.externaltools.gnu-tools-for-stm32.10.3-2021.10.win32_1.0.200.202301161003/tools/bin/../lib/gcc/arm-none-eabi/10.3.1/../../../../arm-none-eabi/lib/thumb/v7e-m+fp/hard/crt0.o (__libc_init_array)
c:/st/stm32cubeide_1.12.1/stm32cubeide/plugins/com.st.stm32cube.ide.mcu.externaltools.gnu-tools-for-stm32.10.3-2021.10.win32_1.0.200.202301161003/tools/bin/../lib/gcc/arm-none-eabi/10.3.1/../../../../arm-none-eabi/lib/thumb/v7e-m+fp/hard\libc_nano.a(lib_a-malloc.o)
                              ./Core/Src/main.o (malloc)
c:/st/stm32cubeide_1.12.1/stm32cubeide/plugins/com.st.stm32cube.ide.mcu.externaltools.gnu-tools-for-stm32.10.3-2021.10.win32_1.0.200.202301161003/tools/bin/../lib/gcc/arm-none-eabi/10.3.1/../../../../arm-none-eabi/lib/thumb/v7e-m+fp/hard\libc_nano.a(lib_a-memset.o)
                              c:/st/stm32cubeide_1.12.1/stm32cubeide/plugins/com.st.stm32cube.ide.mcu.externaltools.gnu-tools-for-stm32.10.3-2021.10.win32_1.0.200.202301161003/tools/bin/../lib/gcc/arm-none-eabi/10.3.1/../../../../arm-none-eabi/lib/thumb/v7e-m+fp/hard/crt0.o (memset)
c:/st/stm32cubeide_1.12.1/stm32cubeide/plugins/com.st.stm32cube.ide.mcu.externaltools.gnu-tools-for-stm32.10.3-2021.10.win32_1.0.200.202301161003/tools/bin/../lib/gcc/arm-none-eabi/10.3.1/../../../../arm-none-eabi/lib/thumb/v7e-m+fp/hard\libc_nano.a(lib_a-nano-freer.o)
                              c:/st/stm32cubeide_1.12.1/stm32cubeide/plugins/com.st.stm32cube.ide.mcu.externaltools.gnu-tools-for-stm32.10.3-2021.10.win32_1.0.200.202301161003/tools/bin/../lib/gcc/arm-none-eabi/10.3.1/../../../../arm-none-eabi/lib/thumb/v7e-m+fp/hard\libc_nano.a(lib_a-malloc.o) (_free_r)
c:/st/stm32cubeide_1.12.1/stm32cubeide/plugins/com.st.stm32cube.ide.mcu.externaltools.gnu-tools-for-stm32.10.3-2021.10.win32_1.0.200.202301161003/tools/bin/../lib/gcc/arm-none-eabi/10.3.1/../../../../arm-none-eabi/lib/thumb/v7e-m+fp/hard\libc_nano.a(lib_a-nano-mallocr.o)
                              c:/st/stm32cubeide_1.12.1/stm32cubeide/plugins/com.st.stm32cube.ide.mcu.externaltools.gnu-tools-for-stm32.10.3-2021.10.win32_1.0.200.202301161003/tools/bin/../lib/gcc/arm-none-eabi/10.3.1/../../../../arm-none-eabi/lib/thumb/v7e-m+fp/hard\libc_nano.a(lib_a-malloc.o) (_malloc_r)
c:/st/stm32cubeide_1.12.1/stm32cubeide/plugins/com.st.stm32cube.ide.mcu.externaltools.gnu-tools-for-stm32.10.3-2021.10.win32_1.0.200.202301161003/tools/bin/../lib/gcc/arm-none-eabi/10.3.1/../../../../arm-none-eabi/lib/thumb/v7e-m+fp/hard\libc_nano.a(lib_a-printf.o)
                              ./Core/Src/main.o (printf)
c:/st/stm32cubeide_1.12.1/stm32cubeide/plugins/com.st.stm32cube.ide.mcu.externaltools.gnu-tools-for-stm32.10.3-2021.10.win32_1.0.200.202301161003/tools/bin/../lib/gcc/arm-none-eabi/10.3.1/../../../../arm-none-eabi/lib/thumb/v7e-m+fp/hard\libc_nano.a(lib_a-puts.o)
                              ./Core/Src/main.o (puts)
[...]
Memory Configuration

Name             Origin             Length             Attributes
RAM              0x0000000020000000 0x0000000000018000 xrw
RAM2             0x0000000010000000 0x0000000000008000 xrw
FLASH            0x0000000008000000 0x0000000000100000 xr
*default*        0x0000000000000000 0xffffffffffffffff

Linker script and memory map

LOAD c:/st/stm32cubeide_1.12.1/stm32cubeide/plugins/com.st.stm32cube.ide.mcu.externaltools.gnu-tools-for-stm32.10.3-2021.10.win32_1.0.200.202301161003/tools/bin/../lib/gcc/arm-none-eabi/10.3.1/thumb/v7e-m+fp/hard/crti.o
LOAD c:/st/stm32cubeide_1.12.1/stm32cubeide/plugins/com.st.stm32cube.ide.mcu.externaltools.gnu-tools-for-stm32.10.3-2021.10.win32_1.0.200.202301161003/tools/bin/../lib/gcc/arm-none-eabi/10.3.1/thumb/v7e-m+fp/hard/crtbegin.o
LOAD c:/st/stm32cubeide_1.12.1/stm32cubeide/plugins/com.st.stm32cube.ide.mcu.externaltools.gnu-tools-for-stm32.10.3-2021.10.win32_1.0.200.202301161003/tools/bin/../lib/gcc/arm-none-eabi/10.3.1/../../../../arm-none-eabi/lib/thumb/v7e-m+fp/hard/crt0.o
LOAD ./Core/Src/gpio.o
LOAD ./Core/Src/i2c.o
LOAD ./Core/Src/main.o
LOAD ./Core/Src/retarget.o
LOAD ./Core/Src/stm32l4xx_hal_msp.o
LOAD ./Core/Src/stm32l4xx_it.o
LOAD ./Core/Src/syscalls.o
LOAD ./Core/Src/sysmem.o
LOAD ./Core/Src/system_stm32l4xx.o
LOAD ./Core/Src/tim.o
LOAD ./Core/Src/u8g2_bitmap.o
LOAD ./Core/Src/u8g2_box.o
LOAD ./Core/Src/u8g2_buffer.o
LOAD ./Core/Src/u8g2_circle.o
LOAD ./Core/Src/u8g2_d_memory.o
LOAD ./Core/Src/u8g2_d_setup.o
LOAD ./Core/Src/u8g2_font.o
LOAD ./Core/Src/u8g2_fonts.o
LOAD ./Core/Src/u8g2_hvline.o
LOAD ./Core/Src/u8g2_intersection.o
LOAD ./Core/Src/u8g2_line.o
LOAD ./Core/Src/u8g2_ll_hvline.o
LOAD ./Core/Src/u8g2_setup.o
LOAD ./Core/Src/u8x8_8x8.o
LOAD ./Core/Src/u8x8_byte.o
LOAD ./Core/Src/u8x8_cad.o
LOAD ./Core/Src/u8x8_d_ssd1306_128x64_noname.o
LOAD ./Core/Src/u8x8_display.o
LOAD ./Core/Src/u8x8_gpio.o
LOAD ./Core/Src/u8x8_setup.o
LOAD ./Core/Src/u8x8_stm32_HAL.o
LOAD ./Core/Src/usart.o
LOAD ./Core/Startup/startup_stm32l476rgtx.o
LOAD ./Drivers/STM32L4xx_HAL_Driver/Src/stm32l4xx_hal.o
LOAD ./Drivers/STM32L4xx_HAL_Driver/Src/stm32l4xx_hal_cortex.o
LOAD ./Drivers/STM32L4xx_HAL_Driver/Src/stm32l4xx_hal_dma.o
LOAD ./Drivers/STM32L4xx_HAL_Driver/Src/stm32l4xx_hal_dma_ex.o
LOAD ./Drivers/STM32L4xx_HAL_Driver/Src/stm32l4xx_hal_exti.o
LOAD ./Drivers/STM32L4xx_HAL_Driver/Src/stm32l4xx_hal_flash.o
LOAD ./Drivers/STM32L4xx_HAL_Driver/Src/stm32l4xx_hal_flash_ex.o
LOAD ./Drivers/STM32L4xx_HAL_Driver/Src/stm32l4xx_hal_flash_ramfunc.o
LOAD ./Drivers/STM32L4xx_HAL_Driver/Src/stm32l4xx_hal_gpio.o
LOAD ./Drivers/STM32L4xx_HAL_Driver/Src/stm32l4xx_hal_i2c.o
LOAD ./Drivers/STM32L4xx_HAL_Driver/Src/stm32l4xx_hal_i2c_ex.o
LOAD ./Drivers/STM32L4xx_HAL_Driver/Src/stm32l4xx_hal_pwr.o
LOAD ./Drivers/STM32L4xx_HAL_Driver/Src/stm32l4xx_hal_pwr_ex.o
LOAD ./Drivers/STM32L4xx_HAL_Driver/Src/stm32l4xx_hal_rcc.o
LOAD ./Drivers/STM32L4xx_HAL_Driver/Src/stm32l4xx_hal_rcc_ex.o
LOAD ./Drivers/STM32L4xx_HAL_Driver/Src/stm32l4xx_hal_tim.o
LOAD ./Drivers/STM32L4xx_HAL_Driver/Src/stm32l4xx_hal_tim_ex.o
LOAD ./Drivers/STM32L4xx_HAL_Driver/Src/stm32l4xx_hal_uart.o
LOAD ./Drivers/STM32L4xx_HAL_Driver/Src/stm32l4xx_hal_uart_ex.o
START GROUP
LOAD c:/st/stm32cubeide_1.12.1/stm32cubeide/plugins/com.st.stm32cube.ide.mcu.externaltools.gnu-tools-for-stm32.10.3-2021.10.win32_1.0.200.202301161003/tools/bin/../lib/gcc/arm-none-eabi/10.3.1/../../../../arm-none-eabi/lib/thumb/v7e-m+fp/hard\libc_nano.a
LOAD c:/st/stm32cubeide_1.12.1/stm32cubeide/plugins/com.st.stm32cube.ide.mcu.externaltools.gnu-tools-for-stm32.10.3-2021.10.win32_1.0.200.202301161003/tools/bin/../lib/gcc/arm-none-eabi/10.3.1/../../../../arm-none-eabi/lib/thumb/v7e-m+fp/hard\libm.a
END GROUP
START GROUP
LOAD c:/st/stm32cubeide_1.12.1/stm32cubeide/plugins/com.st.stm32cube.ide.mcu.externaltools.gnu-tools-for-stm32.10.3-2021.10.win32_1.0.200.202301161003/tools/bin/../lib/gcc/arm-none-eabi/10.3.1/thumb/v7e-m+fp/hard\libgcc.a
LOAD c:/st/stm32cubeide_1.12.1/stm32cubeide/plugins/com.st.stm32cube.ide.mcu.externaltools.gnu-tools-for-stm32.10.3-2021.10.win32_1.0.200.202301161003/tools/bin/../lib/gcc/arm-none-eabi/10.3.1/../../../../arm-none-eabi/lib/thumb/v7e-m+fp/hard\libc_nano.a
END GROUP
START GROUP
LOAD c:/st/stm32cubeide_1.12.1/stm32cubeide/plugins/com.st.stm32cube.ide.mcu.externaltools.gnu-tools-for-stm32.10.3-2021.10.win32_1.0.200.202301161003/tools/bin/../lib/gcc/arm-none-eabi/10.3.1/thumb/v7e-m+fp/hard\libgcc.a
LOAD c:/st/stm32cubeide_1.12.1/stm32cubeide/plugins/com.st.stm32cube.ide.mcu.externaltools.gnu-tools-for-stm32.10.3-2021.10.win32_1.0.200.202301161003/tools/bin/../lib/gcc/arm-none-eabi/10.3.1/../../../../arm-none-eabi/lib/thumb/v7e-m+fp/hard\libc_nano.a
LOAD c:/st/stm32cubeide_1.12.1/stm32cubeide/plugins/com.st.stm32cube.ide.mcu.externaltools.gnu-tools-for-stm32.10.3-2021.10.win32_1.0.200.202301161003/tools/bin/../lib/gcc/arm-none-eabi/10.3.1/../../../../arm-none-eabi/lib/thumb/v7e-m+fp/hard\libnosys.a
END GROUP
START GROUP
LOAD c:/st/stm32cubeide_1.12.1/stm32cubeide/plugins/com.st.stm32cube.ide.mcu.externaltools.gnu-tools-for-stm32.10.3-2021.10.win32_1.0.200.202301161003/tools/bin/../lib/gcc/arm-none-eabi/10.3.1/thumb/v7e-m+fp/hard\libgcc.a
LOAD c:/st/stm32cubeide_1.12.1/stm32cubeide/plugins/com.st.stm32cube.ide.mcu.externaltools.gnu-tools-for-stm32.10.3-2021.10.win32_1.0.200.202301161003/tools/bin/../lib/gcc/arm-none-eabi/10.3.1/../../../../arm-none-eabi/lib/thumb/v7e-m+fp/hard\libc_nano.a
LOAD c:/st/stm32cubeide_1.12.1/stm32cubeide/plugins/com.st.stm32cube.ide.mcu.externaltools.gnu-tools-for-stm32.10.3-2021.10.win32_1.0.200.202301161003/tools/bin/../lib/gcc/arm-none-eabi/10.3.1/../../../../arm-none-eabi/lib/thumb/v7e-m+fp/hard\libnosys.a
END GROUP
LOAD c:/st/stm32cubeide_1.12.1/stm32cubeide/plugins/com.st.stm32cube.ide.mcu.externaltools.gnu-tools-for-stm32.10.3-2021.10.win32_1.0.200.202301161003/tools/bin/../lib/gcc/arm-none-eabi/10.3.1/thumb/v7e-m+fp/hard/crtend.o
LOAD c:/st/stm32cubeide_1.12.1/stm32cubeide/plugins/com.st.stm32cube.ide.mcu.externaltools.gnu-tools-for-stm32.10.3-2021.10.win32_1.0.200.202301161003/tools/bin/../lib/gcc/arm-none-eabi/10.3.1/thumb/v7e-m+fp/hard/crtn.o
                0x0000000020018000                _estack = (ORIGIN (RAM) + LENGTH (RAM))
                0x0000000000000200                _Min_Heap_Size = 0x200
                0x0000000000000400                _Min_Stack_Size = 0x400

.isr_vector     0x0000000008000000      0x188
                0x0000000008000000                . = ALIGN (0x4)
 *(.isr_vector)
 .isr_vector    0x0000000008000000      0x188 ./Core/Startup/startup_stm32l476rgtx.o
                0x0000000008000000                g_pfnVectors
                0x0000000008000188                . = ALIGN (0x4)

.text           0x0000000008000190     0x74fc
                0x0000000008000190                . = ALIGN (0x4)
 *(.text)
 .text          0x0000000008000190       0x40 c:/st/stm32cubeide_1.12.1/stm32cubeide/plugins/com.st.stm32cube.ide.mcu.externaltools.gnu-tools-for-stm32.10.3-2021.10.win32_1.0.200.202301161003/tools/bin/../lib/gcc/arm-none-eabi/10.3.1/thumb/v7e-m+fp/hard/crtbegin.o
 .text          0x00000000080001d0       0xa0 c:/st/stm32cubeide_1.12.1/stm32cubeide/plugins/com.st.stm32cube.ide.mcu.externaltools.gnu-tools-for-stm32.10.3-2021.10.win32_1.0.200.202301161003/tools/bin/../lib/gcc/arm-none-eabi/10.3.1/../../../../arm-none-eabi/lib/thumb/v7e-m+fp/hard\libc_nano.a(lib_a-memchr.o)
                0x00000000080001d0                memchr
 .text          0x0000000008000270       0x30 c:/st/stm32cubeide_1.12.1/stm32cubeide/plugins/com.st.stm32cube.ide.mcu.externaltools.gnu-tools-for-stm32.10.3-2021.10.win32_1.0.200.202301161003/tools/bin/../lib/gcc/arm-none-eabi/10.3.1/thumb/v7e-m+fp/hard\libgcc.a(_aeabi_uldivmod.o)
                0x0000000008000270                __aeabi_uldivmod
 .text          0x00000000080002a0      0x2d0 c:/st/stm32cubeide_1.12.1/stm32cubeide/plugins/com.st.stm32cube.ide.mcu.externaltools.gnu-tools-for-stm32.10.3-2021.10.win32_1.0.200.202301161003/tools/bin/../lib/gcc/arm-none-eabi/10.3.1/thumb/v7e-m+fp/hard\libgcc.a(_udivmoddi4.o)
                0x00000000080002a0                __udivmoddi4
 .text          0x0000000008000570        0x4 c:/st/stm32cubeide_1.12.1/stm32cubeide/plugins/com.st.stm32cube.ide.mcu.externaltools.gnu-tools-for-stm32.10.3-2021.10.win32_1.0.200.202301161003/tools/bin/../lib/gcc/arm-none-eabi/10.3.1/thumb/v7e-m+fp/hard\libgcc.a(_dvmd_tls.o)
                0x0000000008000570                __aeabi_idiv0
                0x0000000008000570                __aeabi_ldiv0
 *(.text*)
 .text.MX_GPIO_Init
                0x0000000008000574       0xcc ./Core/Src/gpio.o
                0x0000000008000574                MX_GPIO_Init
 .text.MX_I2C1_Init
                0x0000000008000640       0x80 ./Core/Src/i2c.o
                0x0000000008000640                MX_I2C1_Init
 .text.HAL_I2C_MspInit
                0x00000000080006c0       0xbc ./Core/Src/i2c.o
                0x00000000080006c0                HAL_I2C_MspInit
 .text.main     0x000000000800077c      0x140 ./Core/Src/main.o
                0x000000000800077c                main
 .text.SystemClock_Config
                0x00000000080008bc       0xa2 ./Core/Src/main.o
                0x00000000080008bc                SystemClock_Config
 .text.Error_Handler
                0x000000000800095e        0xa ./Core/Src/main.o
                0x000000000800095e                Error_Handler
 .text.__io_putchar
                0x0000000008000968       0x24 ./Core/Src/retarget.o
                0x0000000008000968                __io_putchar
 .text.HAL_MspInit
                0x000000000800098c       0x48 ./Core/Src/stm32l4xx_hal_msp.o
                0x000000000800098c                HAL_MspInit
 .text.NMI_Handler
                0x00000000080009d4        0x6 ./Core/Src/stm32l4xx_it.o
                0x00000000080009d4                NMI_Handler
 .text.HardFault_Handler
                0x00000000080009da        0x6 ./Core/Src/stm32l4xx_it.o
                0x00000000080009da                HardFault_Handler
 .text.MemManage_Handler
                0x00000000080009e0        0x6 ./Core/Src/stm32l4xx_it.o
                0x00000000080009e0                MemManage_Handler
 .text.BusFault_Handler
                0x00000000080009e6        0x6 ./Core/Src/stm32l4xx_it.o
                0x00000000080009e6                BusFault_Handler
 .text.UsageFault_Handler
                0x00000000080009ec        0x6 ./Core/Src/stm32l4xx_it.o
                0x00000000080009ec                UsageFault_Handler
 .text.SVC_Handler
                0x00000000080009f2        0xe ./Core/Src/stm32l4xx_it.o
                0x00000000080009f2                SVC_Handler
 .text.DebugMon_Handler
                0x0000000008000a00        0xe ./Core/Src/stm32l4xx_it.o
                0x0000000008000a00                DebugMon_Handler
 .text.PendSV_Handler
                0x0000000008000a0e        0xe ./Core/Src/stm32l4xx_it.o
                0x0000000008000a0e                PendSV_Handler
 .text.SysTick_Handler
                0x0000000008000a1c        0xc ./Core/Src/stm32l4xx_it.o
                0x0000000008000a1c                SysTick_Handler
 .text.TIM2_IRQHandler
                0x0000000008000a28       0x14 ./Core/Src/stm32l4xx_it.o
                0x0000000008000a28                TIM2_IRQHandler
 .text._read    0x0000000008000a3c       0x3a ./Core/Src/syscalls.o
                0x0000000008000a3c                _read
 .text._write   0x0000000008000a76       0x38 ./Core/Src/syscalls.o
                0x0000000008000a76                _write
 .text._close   0x0000000008000aae       0x18 ./Core/Src/syscalls.o
                0x0000000008000aae                _close
 .text._fstat   0x0000000008000ac6       0x20 ./Core/Src/syscalls.o
                0x0000000008000ac6                _fstat
 .text._isatty  0x0000000008000ae6       0x16 ./Core/Src/syscalls.o
                0x0000000008000ae6                _isatty
 .text._lseek   0x0000000008000afc       0x1a ./Core/Src/syscalls.o
                0x0000000008000afc                _lseek
 *fill*         0x0000000008000b16        0x2 
 .text._sbrk    0x0000000008000b18       0x6c ./Core/Src/sysmem.o
                0x0000000008000b18                _sbrk
 .text.SystemInit
                0x0000000008000b84       0x24 ./Core/Src/system_stm32l4xx.o
                0x0000000008000b84                SystemInit
 .text.MX_TIM2_Init
                0x0000000008000ba8       0x9c ./Core/Src/tim.o
                0x0000000008000ba8                MX_TIM2_Init
 .text.HAL_TIM_Base_MspInit
                0x0000000008000c44       0x48 ./Core/Src/tim.o
                0x0000000008000c44                HAL_TIM_Base_MspInit
 .text.u8g2_DrawHorizontalBitmap
                0x0000000008000c8c       0xdc ./Core/Src/u8g2_bitmap.o
                0x0000000008000c8c                u8g2_DrawHorizontalBitmap
 .text.u8g2_DrawBitmap
                0x0000000008000d68       0x80 ./Core/Src/u8g2_bitmap.o
                0x0000000008000d68                u8g2_DrawBitmap
 .text.u8g2_DrawBox
                0x0000000008000de8       0x6c ./Core/Src/u8g2_box.o
                0x0000000008000de8                u8g2_DrawBox
 .text.u8g2_ClearBuffer
                0x0000000008000e54       0x3c ./Core/Src/u8g2_buffer.o
                0x0000000008000e54                u8g2_ClearBuffer
 .text.u8g2_send_tile_row
                0x0000000008000e90       0x56 ./Core/Src/u8g2_buffer.o
 .text.u8g2_send_buffer
                0x0000000008000ee6       0x54 ./Core/Src/u8g2_buffer.o
 .text.u8g2_SendBuffer
                0x0000000008000f3a       0x1c ./Core/Src/u8g2_buffer.o
                0x0000000008000f3a                u8g2_SendBuffer
 *fill*         0x0000000008000f56        0x2 
 .text.u8g2_m_16_8_f
                0x0000000008000f58       0x20 ./Core/Src/u8g2_d_memory.o
                0x0000000008000f58                u8g2_m_16_8_f
 .text.u8g2_Setup_ssd1306_i2c_128x64_noname_f
                0x0000000008000f78       0x50 ./Core/Src/u8g2_d_setup.o
                0x0000000008000f78                u8g2_Setup_ssd1306_i2c_128x64_noname_f
 .text.u8g2_font_get_byte
                0x0000000008000fc8       0x24 ./Core/Src/u8g2_font.o
 .text.u8g2_font_get_word
                0x0000000008000fec       0x40 ./Core/Src/u8g2_font.o
 .text.u8g2_read_font_info
                0x000000000800102c      0x152 ./Core/Src/u8g2_font.o
                0x000000000800102c                u8g2_read_font_info
 .text.u8g2_font_decode_get_unsigned_bits
                0x000000000800117e       0x96 ./Core/Src/u8g2_font.o
                0x000000000800117e                u8g2_font_decode_get_unsigned_bits
 .text.u8g2_font_decode_get_signed_bits
                0x0000000008001214       0x46 ./Core/Src/u8g2_font.o
                0x0000000008001214                u8g2_font_decode_get_signed_bits
 .text.u8g2_add_vector_y
                0x000000000800125a       0x76 ./Core/Src/u8g2_font.o
                0x000000000800125a                u8g2_add_vector_y
 .text.u8g2_add_vector_x
                0x00000000080012d0       0x76 ./Core/Src/u8g2_font.o
                0x00000000080012d0                u8g2_add_vector_x
 .text.u8g2_font_decode_len
                0x0000000008001346      0x110 ./Core/Src/u8g2_font.o
                0x0000000008001346                u8g2_font_decode_len
 .text.u8g2_font_setup_decode
                0x0000000008001456       0x6e ./Core/Src/u8g2_font.o
 .text.u8g2_font_decode_glyph
                0x00000000080014c4      0x21c ./Core/Src/u8g2_font.o
                0x00000000080014c4                u8g2_font_decode_glyph
 .text.u8g2_font_get_glyph_data
                0x00000000080016e0      0x100 ./Core/Src/u8g2_font.o
                0x00000000080016e0                u8g2_font_get_glyph_data
 .text.u8g2_font_draw_glyph
                0x00000000080017e0       0x56 ./Core/Src/u8g2_font.o
 *fill*         0x0000000008001836        0x2 
 .text.u8g2_DrawGlyph
                0x0000000008001838       0xa4 ./Core/Src/u8g2_font.o
                0x0000000008001838                u8g2_DrawGlyph
 .text.u8g2_draw_string
                0x00000000080018dc       0xb8 ./Core/Src/u8g2_font.o
 .text.u8g2_DrawStr
                0x0000000008001994       0x34 ./Core/Src/u8g2_font.o
                0x0000000008001994                u8g2_DrawStr
 .text.u8g2_UpdateRefHeight
                0x00000000080019c8       0xd8 ./Core/Src/u8g2_font.o
                0x00000000080019c8                u8g2_UpdateRefHeight
 .text.u8g2_SetFontRefHeightExtendedText
                0x0000000008001aa0       0x1e ./Core/Src/u8g2_font.o
                0x0000000008001aa0                u8g2_SetFontRefHeightExtendedText
 .text.u8g2_font_calc_vref_font
                0x0000000008001abe       0x16 ./Core/Src/u8g2_font.o
                0x0000000008001abe                u8g2_font_calc_vref_font
 .text.u8g2_SetFontPosBaseline
                0x0000000008001ad4       0x20 ./Core/Src/u8g2_font.o
                0x0000000008001ad4                u8g2_SetFontPosBaseline
 .text.u8g2_font_calc_vref_top
                0x0000000008001af4       0x24 ./Core/Src/u8g2_font.o
                0x0000000008001af4                u8g2_font_calc_vref_top
 .text.u8g2_SetFontPosTop
                0x0000000008001b18       0x20 ./Core/Src/u8g2_font.o
                0x0000000008001b18                u8g2_SetFontPosTop
 .text.u8g2_SetFont
                0x0000000008001b38       0x34 ./Core/Src/u8g2_font.o
                0x0000000008001b38                u8g2_SetFont
 .text.u8g2_SetFontDirection
                0x0000000008001b6c       0x20 ./Core/Src/u8g2_font.o
                0x0000000008001b6c                u8g2_SetFontDirection
 .text.u8g2_clip_intersection2
                0x0000000008001b8c       0x9c ./Core/Src/u8g2_hvline.o
 .text.u8g2_draw_hv_line_2dir
                0x0000000008001c28       0x42 ./Core/Src/u8g2_hvline.o
                0x0000000008001c28                u8g2_draw_hv_line_2dir
 .text.u8g2_DrawHVLine
                0x0000000008001c6a      0x116 ./Core/Src/u8g2_hvline.o
                0x0000000008001c6a                u8g2_DrawHVLine
 .text.u8g2_DrawPixel
                0x0000000008001d80       0x66 ./Core/Src/u8g2_hvline.o
                0x0000000008001d80                u8g2_DrawPixel
 .text.u8g2_SetDrawColor
                0x0000000008001de6       0x2e ./Core/Src/u8g2_hvline.o
                0x0000000008001de6                u8g2_SetDrawColor
 .text.u8g2_is_intersection_decision_tree
                0x0000000008001e14       0x66 ./Core/Src/u8g2_intersection.o
                0x0000000008001e14                u8g2_is_intersection_decision_tree
 .text.u8g2_IsIntersection
                0x0000000008001e7a       0x56 ./Core/Src/u8g2_intersection.o
                0x0000000008001e7a                u8g2_IsIntersection
 .text.u8g2_ll_hvline_vertical_top_lsb
                0x0000000008001ed0      0x140 ./Core/Src/u8g2_ll_hvline.o
                0x0000000008001ed0                u8g2_ll_hvline_vertical_top_lsb
 .text.u8g2_SetMaxClipWindow
                0x0000000008002010       0x3e ./Core/Src/u8g2_setup.o
                0x0000000008002010                u8g2_SetMaxClipWindow
 .text.u8g2_SetupBuffer
                0x000000000800204e       0x86 ./Core/Src/u8g2_setup.o
                0x000000000800204e                u8g2_SetupBuffer
 .text.u8g2_update_dimension_common
                0x00000000080020d4       0xc2 ./Core/Src/u8g2_setup.o
 .text.u8g2_apply_clip_window
                0x0000000008002196       0xba ./Core/Src/u8g2_setup.o
 .text.u8g2_update_dimension_r2
                0x0000000008002250       0x16 ./Core/Src/u8g2_setup.o
                0x0000000008002250                u8g2_update_dimension_r2
 .text.u8g2_update_page_win_r2
                0x0000000008002266       0x6e ./Core/Src/u8g2_setup.o
                0x0000000008002266                u8g2_update_page_win_r2
 .text.u8g2_draw_l90_r2
                0x00000000080022d4       0x84 ./Core/Src/u8g2_setup.o
                0x00000000080022d4                u8g2_draw_l90_r2
 .text.u8x8_utf8_init
                0x0000000008002358       0x1c ./Core/Src/u8x8_8x8.o
                0x0000000008002358                u8x8_utf8_init
 .text.u8x8_ascii_next
                0x0000000008002374       0x2e ./Core/Src/u8x8_8x8.o
                0x0000000008002374                u8x8_ascii_next
 .text.u8x8_byte_SendBytes
                0x00000000080023a2       0x26 ./Core/Src/u8x8_byte.o
                0x00000000080023a2                u8x8_byte_SendBytes
 .text.u8x8_byte_SendByte
                0x00000000080023c8       0x22 ./Core/Src/u8x8_byte.o
                0x00000000080023c8                u8x8_byte_SendByte
 .text.u8x8_byte_StartTransfer
                0x00000000080023ea       0x20 ./Core/Src/u8x8_byte.o
                0x00000000080023ea                u8x8_byte_StartTransfer
 .text.u8x8_byte_EndTransfer
                0x000000000800240a       0x20 ./Core/Src/u8x8_byte.o
                0x000000000800240a                u8x8_byte_EndTransfer
 .text.u8x8_cad_SendCmd
                0x000000000800242a       0x24 ./Core/Src/u8x8_cad.o
                0x000000000800242a                u8x8_cad_SendCmd
 .text.u8x8_cad_SendArg
                0x000000000800244e       0x24 ./Core/Src/u8x8_cad.o
                0x000000000800244e                u8x8_cad_SendArg
 .text.u8x8_cad_SendData
                0x0000000008002472       0x26 ./Core/Src/u8x8_cad.o
                0x0000000008002472                u8x8_cad_SendData
 .text.u8x8_cad_StartTransfer
                0x0000000008002498       0x20 ./Core/Src/u8x8_cad.o
                0x0000000008002498                u8x8_cad_StartTransfer
 .text.u8x8_cad_EndTransfer
                0x00000000080024b8       0x20 ./Core/Src/u8x8_cad.o
                0x00000000080024b8                u8x8_cad_EndTransfer
 .text.u8x8_cad_SendSequence
                0x00000000080024d8       0xa4 ./Core/Src/u8x8_cad.o
                0x00000000080024d8                u8x8_cad_SendSequence
 .text.u8x8_i2c_data_transfer
                0x000000000800257c       0x38 ./Core/Src/u8x8_cad.o
 .text.u8x8_cad_ssd13xx_fast_i2c
                0x00000000080025b4      0x10c ./Core/Src/u8x8_cad.o
                0x00000000080025b4                u8x8_cad_ssd13xx_fast_i2c
 .text.u8x8_d_ssd1306_sh1106_generic
                0x00000000080026c0      0x150 ./Core/Src/u8x8_d_ssd1306_128x64_noname.o
 .text.u8x8_d_ssd1306_128x64_noname
                0x0000000008002810       0x64 ./Core/Src/u8x8_d_ssd1306_128x64_noname.o
                0x0000000008002810                u8x8_d_ssd1306_128x64_noname
 .text.u8x8_d_helper_display_setup_memory
                0x0000000008002874       0x28 ./Core/Src/u8x8_display.o
                0x0000000008002874                u8x8_d_helper_display_setup_memory
 .text.u8x8_d_helper_display_init
                0x000000000800289c       0x7a ./Core/Src/u8x8_display.o
                0x000000000800289c                u8x8_d_helper_display_init
 .text.u8x8_DrawTile
                0x0000000008002916       0x44 ./Core/Src/u8x8_display.o
                0x0000000008002916                u8x8_DrawTile
 .text.u8x8_SetupMemory
                0x000000000800295a       0x1e ./Core/Src/u8x8_display.o
                0x000000000800295a                u8x8_SetupMemory
 .text.u8x8_InitDisplay
                0x0000000008002978       0x1e ./Core/Src/u8x8_display.o
                0x0000000008002978                u8x8_InitDisplay
 .text.u8x8_SetPowerSave
                0x0000000008002996       0x22 ./Core/Src/u8x8_display.o
                0x0000000008002996                u8x8_SetPowerSave
 .text.u8x8_RefreshDisplay
                0x00000000080029b8       0x1e ./Core/Src/u8x8_display.o
                0x00000000080029b8                u8x8_RefreshDisplay
 .text.u8x8_gpio_call
                0x00000000080029d6       0x26 ./Core/Src/u8x8_gpio.o
                0x00000000080029d6                u8x8_gpio_call
 .text.u8x8_dummy_cb
                0x00000000080029fc       0x20 ./Core/Src/u8x8_setup.o
                0x00000000080029fc                u8x8_dummy_cb
 .text.u8x8_SetupDefaults
                0x0000000008002a1c       0x5c ./Core/Src/u8x8_setup.o
                0x0000000008002a1c                u8x8_SetupDefaults
 .text.u8x8_Setup
                0x0000000008002a78       0x3a ./Core/Src/u8x8_setup.o
                0x0000000008002a78                u8x8_Setup
 *fill*         0x0000000008002ab2        0x2 
 .text.u8x8_stm32_gpio_and_delay_cb
                0x0000000008002ab4       0xd0 ./Core/Src/u8x8_stm32_HAL.o
                0x0000000008002ab4                u8x8_stm32_gpio_and_delay_cb
 .text.u8x8_byte_hw_i2c
                0x0000000008002b84       0xc8 ./Core/Src/u8x8_stm32_HAL.o
                0x0000000008002b84                u8x8_byte_hw_i2c
 .text.MX_USART2_UART_Init
                0x0000000008002c4c       0x60 ./Core/Src/usart.o
                0x0000000008002c4c                MX_USART2_UART_Init
 .text.HAL_UART_MspInit
                0x0000000008002cac       0xb8 ./Core/Src/usart.o
                0x0000000008002cac                HAL_UART_MspInit
 .text.Reset_Handler
                0x0000000008002d64       0x50 ./Core/Startup/startup_stm32l476rgtx.o
                0x0000000008002d64                Reset_Handler
 .text.Default_Handler
                0x0000000008002db4        0x2 ./Core/Startup/startup_stm32l476rgtx.o
                0x0000000008002db4                RTC_Alarm_IRQHandler
                0x0000000008002db4                EXTI2_IRQHandler
                0x0000000008002db4                TIM8_TRG_COM_IRQHandler
                0x0000000008002db4                TIM8_CC_IRQHandler
                0x0000000008002db4                TIM1_CC_IRQHandler
                0x0000000008002db4                TSC_IRQHandler
                0x0000000008002db4                TAMP_STAMP_IRQHandler
                0x0000000008002db4                EXTI3_IRQHandler
                0x0000000008002db4                LPTIM2_IRQHandler
                0x0000000008002db4                DFSDM1_FLT1_IRQHandler
                0x0000000008002db4                I2C3_ER_IRQHandler
                0x0000000008002db4                DFSDM1_FLT2_IRQHandler
                0x0000000008002db4                EXTI0_IRQHandler
                0x0000000008002db4                I2C2_EV_IRQHandler
                0x0000000008002db4                CAN1_RX0_IRQHandler
                0x0000000008002db4                FPU_IRQHandler
                0x0000000008002db4                TIM1_UP_TIM16_IRQHandler
                0x0000000008002db4                ADC1_2_IRQHandler
                0x0000000008002db4                SPI1_IRQHandler
                0x0000000008002db4                TIM6_DAC_IRQHandler
                0x0000000008002db4                TIM8_UP_IRQHandler
                0x0000000008002db4                DMA2_Channel2_IRQHandler
                0x0000000008002db4                DMA1_Channel4_IRQHandler
                0x0000000008002db4                SAI2_IRQHandler
                0x0000000008002db4                DFSDM1_FLT3_IRQHandler
                0x0000000008002db4                USART3_IRQHandler
                0x0000000008002db4                DMA1_Channel7_IRQHandler
                0x0000000008002db4                CAN1_RX1_IRQHandler
                0x0000000008002db4                LCD_IRQHandler
                0x0000000008002db4                UART5_IRQHandler
                0x0000000008002db4                ADC3_IRQHandler
                0x0000000008002db4                TIM4_IRQHandler
                0x0000000008002db4                DMA2_Channel1_IRQHandler
                0x0000000008002db4                QUADSPI_IRQHandler
                0x0000000008002db4                I2C1_EV_IRQHandler
                0x0000000008002db4                DMA1_Channel6_IRQHandler
                0x0000000008002db4                UART4_IRQHandler
                0x0000000008002db4                DMA2_Channel4_IRQHandler
                0x0000000008002db4                TIM3_IRQHandler
                0x0000000008002db4                RCC_IRQHandler
                0x0000000008002db4                DMA1_Channel1_IRQHandler
                0x0000000008002db4                Default_Handler
                0x0000000008002db4                DMA2_Channel7_IRQHandler
                0x0000000008002db4                EXTI15_10_IRQHandler
                0x0000000008002db4                TIM7_IRQHandler
                0x0000000008002db4                SDMMC1_IRQHandler
                0x0000000008002db4                TIM5_IRQHandler
                0x0000000008002db4                I2C3_EV_IRQHandler
                0x0000000008002db4                EXTI9_5_IRQHandler
                0x0000000008002db4                RTC_WKUP_IRQHandler
                0x0000000008002db4                PVD_PVM_IRQHandler
                0x0000000008002db4                SPI2_IRQHandler
                0x0000000008002db4                CAN1_TX_IRQHandler
                0x0000000008002db4                DMA2_Channel5_IRQHandler
                0x0000000008002db4                DMA1_Channel5_IRQHandler
                0x0000000008002db4                EXTI4_IRQHandler
                0x0000000008002db4                RNG_IRQHandler
                0x0000000008002db4                TIM1_TRG_COM_TIM17_IRQHandler
                0x0000000008002db4                DMA1_Channel3_IRQHandler
                0x0000000008002db4                COMP_IRQHandler
                0x0000000008002db4                WWDG_IRQHandler
                0x0000000008002db4                LPUART1_IRQHandler
                0x0000000008002db4                DMA2_Channel6_IRQHandler
                0x0000000008002db4                EXTI1_IRQHandler
                0x0000000008002db4                USART2_IRQHandler
                0x0000000008002db4                DFSDM1_FLT0_IRQHandler
                0x0000000008002db4                I2C2_ER_IRQHandler
                0x0000000008002db4                DMA1_Channel2_IRQHandler
                0x0000000008002db4                TIM8_BRK_IRQHandler
                0x0000000008002db4                CAN1_SCE_IRQHandler
                0x0000000008002db4                FLASH_IRQHandler
                0x0000000008002db4                USART1_IRQHandler
                0x0000000008002db4                OTG_FS_IRQHandler
                0x0000000008002db4                SPI3_IRQHandler
                0x0000000008002db4                I2C1_ER_IRQHandler
                0x0000000008002db4                FMC_IRQHandler
                0x0000000008002db4                SWPMI1_IRQHandler
                0x0000000008002db4                LPTIM1_IRQHandler
                0x0000000008002db4                SAI1_IRQHandler
                0x0000000008002db4                DMA2_Channel3_IRQHandler
                0x0000000008002db4                TIM1_BRK_TIM15_IRQHandler
 *fill*         0x0000000008002db6        0x2 
 .text.HAL_Init
                0x0000000008002db8       0x40 ./Drivers/STM32L4xx_HAL_Driver/Src/stm32l4xx_hal.o
                0x0000000008002db8                HAL_Init
 .text.HAL_InitTick
                0x0000000008002df8       0x78 ./Drivers/STM32L4xx_HAL_Driver/Src/stm32l4xx_hal.o
                0x0000000008002df8                HAL_InitTick
 .text.HAL_IncTick
                0x0000000008002e70       0x28 ./Drivers/STM32L4xx_HAL_Driver/Src/stm32l4xx_hal.o
                0x0000000008002e70                HAL_IncTick
 .text.HAL_GetTick
                0x0000000008002e98       0x18 ./Drivers/STM32L4xx_HAL_Driver/Src/stm32l4xx_hal.o
                0x0000000008002e98                HAL_GetTick
 .text.__NVIC_SetPriorityGrouping
                0x0000000008002eb0       0x48 ./Drivers/STM32L4xx_HAL_Driver/Src/stm32l4xx_hal_cortex.o
 .text.__NVIC_GetPriorityGrouping
                0x0000000008002ef8       0x1c ./Drivers/STM32L4xx_HAL_Driver/Src/stm32l4xx_hal_cortex.o
 .text.__NVIC_EnableIRQ
                0x0000000008002f14       0x3c ./Drivers/STM32L4xx_HAL_Driver/Src/stm32l4xx_hal_cortex.o
 .text.__NVIC_SetPriority
                0x0000000008002f50       0x54 ./Drivers/STM32L4xx_HAL_Driver/Src/stm32l4xx_hal_cortex.o
 .text.NVIC_EncodePriority
                0x0000000008002fa4       0x66 ./Drivers/STM32L4xx_HAL_Driver/Src/stm32l4xx_hal_cortex.o
 *fill*         0x000000000800300a        0x2 
 .text.SysTick_Config
                0x000000000800300c       0x44 ./Drivers/STM32L4xx_HAL_Driver/Src/stm32l4xx_hal_cortex.o
 .text.HAL_NVIC_SetPriorityGrouping
                0x0000000008003050       0x16 ./Drivers/STM32L4xx_HAL_Driver/Src/stm32l4xx_hal_cortex.o
                0x0000000008003050                HAL_NVIC_SetPriorityGrouping
 .text.HAL_NVIC_SetPriority
                0x0000000008003066       0x38 ./Drivers/STM32L4xx_HAL_Driver/Src/stm32l4xx_hal_cortex.o
                0x0000000008003066                HAL_NVIC_SetPriority
 .text.HAL_NVIC_EnableIRQ
                0x000000000800309e       0x1c ./Drivers/STM32L4xx_HAL_Driver/Src/stm32l4xx_hal_cortex.o
                0x000000000800309e                HAL_NVIC_EnableIRQ
 .text.HAL_SYSTICK_Config
                0x00000000080030ba       0x18 ./Drivers/STM32L4xx_HAL_Driver/Src/stm32l4xx_hal_cortex.o
                0x00000000080030ba                HAL_SYSTICK_Config
 *fill*         0x00000000080030d2        0x2 
 .text.HAL_GPIO_Init
                0x00000000080030d4      0x354 ./Drivers/STM32L4xx_HAL_Driver/Src/stm32l4xx_hal_gpio.o
                0x00000000080030d4                HAL_GPIO_Init
 .text.HAL_GPIO_WritePin
                0x0000000008003428       0x30 ./Drivers/STM32L4xx_HAL_Driver/Src/stm32l4xx_hal_gpio.o
                0x0000000008003428                HAL_GPIO_WritePin
 .text.HAL_I2C_Init
                0x0000000008003458      0x11e ./Drivers/STM32L4xx_HAL_Driver/Src/stm32l4xx_hal_i2c.o
                0x0000000008003458                HAL_I2C_Init
 *fill*         0x0000000008003576        0x2 
 .text.HAL_I2C_Master_Transmit
                0x0000000008003578      0x1e8 ./Drivers/STM32L4xx_HAL_Driver/Src/stm32l4xx_hal_i2c.o
                0x0000000008003578                HAL_I2C_Master_Transmit
 .text.I2C_Flush_TXDR
                0x0000000008003760       0x48 ./Drivers/STM32L4xx_HAL_Driver/Src/stm32l4xx_hal_i2c.o
 .text.I2C_WaitOnFlagUntilTimeout
                0x00000000080037a8       0x80 ./Drivers/STM32L4xx_HAL_Driver/Src/stm32l4xx_hal_i2c.o
 .text.I2C_WaitOnTXISFlagUntilTimeout
                0x0000000008003828       0x80 ./Drivers/STM32L4xx_HAL_Driver/Src/stm32l4xx_hal_i2c.o
 .text.I2C_WaitOnSTOPFlagUntilTimeout
                0x00000000080038a8       0x78 ./Drivers/STM32L4xx_HAL_Driver/Src/stm32l4xx_hal_i2c.o
 .text.I2C_IsErrorOccurred
                0x0000000008003920      0x1d8 ./Drivers/STM32L4xx_HAL_Driver/Src/stm32l4xx_hal_i2c.o
 .text.I2C_TransferConfig
                0x0000000008003af8       0x64 ./Drivers/STM32L4xx_HAL_Driver/Src/stm32l4xx_hal_i2c.o
 .text.HAL_I2CEx_ConfigAnalogFilter
                0x0000000008003b5c       0x96 ./Drivers/STM32L4xx_HAL_Driver/Src/stm32l4xx_hal_i2c_ex.o
                0x0000000008003b5c                HAL_I2CEx_ConfigAnalogFilter
 .text.HAL_I2CEx_ConfigDigitalFilter
                0x0000000008003bf2       0x98 ./Drivers/STM32L4xx_HAL_Driver/Src/stm32l4xx_hal_i2c_ex.o
                0x0000000008003bf2                HAL_I2CEx_ConfigDigitalFilter
 *fill*         0x0000000008003c8a        0x2 
 .text.HAL_PWREx_GetVoltageRange
                0x0000000008003c8c       0x1c ./Drivers/STM32L4xx_HAL_Driver/Src/stm32l4xx_hal_pwr_ex.o
                0x0000000008003c8c                HAL_PWREx_GetVoltageRange
 .text.HAL_PWREx_ControlVoltageScaling
                0x0000000008003ca8       0xac ./Drivers/STM32L4xx_HAL_Driver/Src/stm32l4xx_hal_pwr_ex.o
                0x0000000008003ca8                HAL_PWREx_ControlVoltageScaling
 .text.HAL_RCC_OscConfig
                0x0000000008003d54      0x7b8 ./Drivers/STM32L4xx_HAL_Driver/Src/stm32l4xx_hal_rcc.o
                0x0000000008003d54                HAL_RCC_OscConfig
 .text.HAL_RCC_ClockConfig
                0x000000000800450c      0x200 ./Drivers/STM32L4xx_HAL_Driver/Src/stm32l4xx_hal_rcc.o
                0x000000000800450c                HAL_RCC_ClockConfig
 .text.HAL_RCC_GetSysClockFreq
                0x000000000800470c      0x118 ./Drivers/STM32L4xx_HAL_Driver/Src/stm32l4xx_hal_rcc.o
                0x000000000800470c                HAL_RCC_GetSysClockFreq
 .text.HAL_RCC_GetHCLKFreq
                0x0000000008004824       0x18 ./Drivers/STM32L4xx_HAL_Driver/Src/stm32l4xx_hal_rcc.o
                0x0000000008004824                HAL_RCC_GetHCLKFreq
 .text.HAL_RCC_GetPCLK1Freq
                0x000000000800483c       0x2c ./Drivers/STM32L4xx_HAL_Driver/Src/stm32l4xx_hal_rcc.o
                0x000000000800483c                HAL_RCC_GetPCLK1Freq
 .text.HAL_RCC_GetPCLK2Freq
                0x0000000008004868       0x2c ./Drivers/STM32L4xx_HAL_Driver/Src/stm32l4xx_hal_rcc.o
                0x0000000008004868                HAL_RCC_GetPCLK2Freq
 .text.RCC_SetFlashLatencyFromMSIRange
                0x0000000008004894       0xc0 ./Drivers/STM32L4xx_HAL_Driver/Src/stm32l4xx_hal_rcc.o
 .text.HAL_RCCEx_PeriphCLKConfig
                0x0000000008004954      0x5d4 ./Drivers/STM32L4xx_HAL_Driver/Src/stm32l4xx_hal_rcc_ex.o
                0x0000000008004954                HAL_RCCEx_PeriphCLKConfig
 .text.RCCEx_PLLSAI1_Config
                0x0000000008004f28      0x1e8 ./Drivers/STM32L4xx_HAL_Driver/Src/stm32l4xx_hal_rcc_ex.o
 .text.RCCEx_PLLSAI2_Config
                0x0000000008005110      0x1bc ./Drivers/STM32L4xx_HAL_Driver/Src/stm32l4xx_hal_rcc_ex.o
 .text.HAL_TIM_Base_Init
                0x00000000080052cc       0xae ./Drivers/STM32L4xx_HAL_Driver/Src/stm32l4xx_hal_tim.o
                0x00000000080052cc                HAL_TIM_Base_Init
 .text.HAL_TIM_IRQHandler
                0x000000000800537a      0x23e ./Drivers/STM32L4xx_HAL_Driver/Src/stm32l4xx_hal_tim.o
                0x000000000800537a                HAL_TIM_IRQHandler
 .text.HAL_TIM_ConfigClockSource
                0x00000000080055b8      0x192 ./Drivers/STM32L4xx_HAL_Driver/Src/stm32l4xx_hal_tim.o
                0x00000000080055b8                HAL_TIM_ConfigClockSource
 .text.HAL_TIM_PeriodElapsedCallback
                0x000000000800574a       0x14 ./Drivers/STM32L4xx_HAL_Driver/Src/stm32l4xx_hal_tim.o
                0x000000000800574a                HAL_TIM_PeriodElapsedCallback
 .text.HAL_TIM_OC_DelayElapsedCallback
                0x000000000800575e       0x14 ./Drivers/STM32L4xx_HAL_Driver/Src/stm32l4xx_hal_tim.o
                0x000000000800575e                HAL_TIM_OC_DelayElapsedCallback
 .text.HAL_TIM_IC_CaptureCallback
                0x0000000008005772       0x14 ./Drivers/STM32L4xx_HAL_Driver/Src/stm32l4xx_hal_tim.o
                0x0000000008005772                HAL_TIM_IC_CaptureCallback
 .text.HAL_TIM_PWM_PulseFinishedCallback
                0x0000000008005786       0x14 ./Drivers/STM32L4xx_HAL_Driver/Src/stm32l4xx_hal_tim.o
                0x0000000008005786                HAL_TIM_PWM_PulseFinishedCallback
 .text.HAL_TIM_TriggerCallback
                0x000000000800579a       0x14 ./Drivers/STM32L4xx_HAL_Driver/Src/stm32l4xx_hal_tim.o
                0x000000000800579a                HAL_TIM_TriggerCallback
 *fill*         0x00000000080057ae        0x2 
 .text.TIM_Base_SetConfig
                0x00000000080057b0      0x134 ./Drivers/STM32L4xx_HAL_Driver/Src/stm32l4xx_hal_tim.o
                0x00000000080057b0                TIM_Base_SetConfig
 .text.TIM_TI1_ConfigInputStage
                0x00000000080058e4       0x5e ./Drivers/STM32L4xx_HAL_Driver/Src/stm32l4xx_hal_tim.o
 .text.TIM_TI2_ConfigInputStage
                0x0000000008005942       0x60 ./Drivers/STM32L4xx_HAL_Driver/Src/stm32l4xx_hal_tim.o
 .text.TIM_ITRx_SetConfig
                0x00000000080059a2       0x36 ./Drivers/STM32L4xx_HAL_Driver/Src/stm32l4xx_hal_tim.o
 .text.TIM_ETR_SetConfig
                0x00000000080059d8       0x40 ./Drivers/STM32L4xx_HAL_Driver/Src/stm32l4xx_hal_tim.o
                0x00000000080059d8                TIM_ETR_SetConfig
 .text.HAL_TIMEx_MasterConfigSynchronization
                0x0000000008005a18      0x110 ./Drivers/STM32L4xx_HAL_Driver/Src/stm32l4xx_hal_tim_ex.o
                0x0000000008005a18                HAL_TIMEx_MasterConfigSynchronization
 .text.HAL_TIMEx_CommutCallback
                0x0000000008005b28       0x14 ./Drivers/STM32L4xx_HAL_Driver/Src/stm32l4xx_hal_tim_ex.o
                0x0000000008005b28                HAL_TIMEx_CommutCallback
 .text.HAL_TIMEx_BreakCallback
                0x0000000008005b3c       0x14 ./Drivers/STM32L4xx_HAL_Driver/Src/stm32l4xx_hal_tim_ex.o
                0x0000000008005b3c                HAL_TIMEx_BreakCallback
 .text.HAL_TIMEx_Break2Callback
                0x0000000008005b50       0x14 ./Drivers/STM32L4xx_HAL_Driver/Src/stm32l4xx_hal_tim_ex.o
                0x0000000008005b50                HAL_TIMEx_Break2Callback
 .text.HAL_UART_Init
                0x0000000008005b64       0x9c ./Drivers/STM32L4xx_HAL_Driver/Src/stm32l4xx_hal_uart.o
                0x0000000008005b64                HAL_UART_Init
 .text.HAL_UART_Transmit
                0x0000000008005c00      0x128 ./Drivers/STM32L4xx_HAL_Driver/Src/stm32l4xx_hal_uart.o
                0x0000000008005c00                HAL_UART_Transmit
 .text.UART_SetConfig
                0x0000000008005d28      0x570 ./Drivers/STM32L4xx_HAL_Driver/Src/stm32l4xx_hal_uart.o
                0x0000000008005d28                UART_SetConfig
 .text.UART_AdvFeatureConfig
                0x0000000008006298      0x144 ./Drivers/STM32L4xx_HAL_Driver/Src/stm32l4xx_hal_uart.o
                0x0000000008006298                UART_AdvFeatureConfig
 .text.UART_CheckIdleState
                0x00000000080063dc       0x92 ./Drivers/STM32L4xx_HAL_Driver/Src/stm32l4xx_hal_uart.o
                0x00000000080063dc                UART_CheckIdleState
 .text.UART_WaitOnFlagUntilTimeout
                0x000000000800646e      0x188 ./Drivers/STM32L4xx_HAL_Driver/Src/stm32l4xx_hal_uart.o
                0x000000000800646e                UART_WaitOnFlagUntilTimeout
 *fill*         0x00000000080065f6        0x2 
 .text.__errno  0x00000000080065f8        0xc c:/st/stm32cubeide_1.12.1/stm32cubeide/plugins/com.st.stm32cube.ide.mcu.externaltools.gnu-tools-for-stm32.10.3-2021.10.win32_1.0.200.202301161003/tools/bin/../lib/gcc/arm-none-eabi/10.3.1/../../../../arm-none-eabi/lib/thumb/v7e-m+fp/hard\libc_nano.a(lib_a-errno.o)
                0x00000000080065f8                __errno
 .text.__libc_init_array
                0x0000000008006604       0x48 c:/st/stm32cubeide_1.12.1/stm32cubeide/plugins/com.st.stm32cube.ide.mcu.externaltools.gnu-tools-for-stm32.10.3-2021.10.win32_1.0.200.202301161003/tools/bin/../lib/gcc/arm-none-eabi/10.3.1/../../../../arm-none-eabi/lib/thumb/v7e-m+fp/hard\libc_nano.a(lib_a-init.o)
                0x0000000008006604                __libc_init_array
 .text.malloc   0x000000000800664c       0x10 c:/st/stm32cubeide_1.12.1/stm32cubeide/plugins/com.st.stm32cube.ide.mcu.externaltools.gnu-tools-for-stm32.10.3-2021.10.win32_1.0.200.202301161003/tools/bin/../lib/gcc/arm-none-eabi/10.3.1/../../../../arm-none-eabi/lib/thumb/v7e-m+fp/hard\libc_nano.a(lib_a-malloc.o)
                0x000000000800664c                malloc
 .text.memset   0x000000000800665c       0x10 c:/st/stm32cubeide_1.12.1/stm32cubeide/plugins/com.st.stm32cube.ide.mcu.externaltools.gnu-tools-for-stm32.10.3-2021.10.win32_1.0.200.202301161003/tools/bin/../lib/gcc/arm-none-eabi/10.3.1/../../../../arm-none-eabi/lib/thumb/v7e-m+fp/hard\libc_nano.a(lib_a-memset.o)
                0x000000000800665c                memset
 .text._free_r  0x000000000800666c       0x98 c:/st/stm32cubeide_1.12.1/stm32cubeide/plugins/com.st.stm32cube.ide.mcu.externaltools.gnu-tools-for-stm32.10.3-2021.10.win32_1.0.200.202301161003/tools/bin/../lib/gcc/arm-none-eabi/10.3.1/../../../../arm-none-eabi/lib/thumb/v7e-m+fp/hard\libc_nano.a(lib_a-nano-freer.o)
                0x000000000800666c                _free_r
 .text.sbrk_aligned
                0x0000000008006704       0x40 c:/st/stm32cubeide_1.12.1/stm32cubeide/plugins/com.st.stm32cube.ide.mcu.externaltools.gnu-tools-for-stm32.10.3-2021.10.win32_1.0.200.202301161003/tools/bin/../lib/gcc/arm-none-eabi/10.3.1/../../../../arm-none-eabi/lib/thumb/v7e-m+fp/hard\libc_nano.a(lib_a-nano-mallocr.o)
 .text._malloc_r
                0x0000000008006744       0xe8 c:/st/stm32cubeide_1.12.1/stm32cubeide/plugins/com.st.stm32cube.ide.mcu.externaltools.gnu-tools-for-stm32.10.3-2021.10.win32_1.0.200.202301161003/tools/bin/../lib/gcc/arm-none-eabi/10.3.1/../../../../arm-none-eabi/lib/thumb/v7e-m+fp/hard\libc_nano.a(lib_a-nano-mallocr.o)
                0x0000000008006744                _malloc_r
 .text.printf   0x000000000800682c       0x30 c:/st/stm32cubeide_1.12.1/stm32cubeide/plugins/com.st.stm32cube.ide.mcu.externaltools.gnu-tools-for-stm32.10.3-2021.10.win32_1.0.200.202301161003/tools/bin/../lib/gcc/arm-none-eabi/10.3.1/../../../../arm-none-eabi/lib/thumb/v7e-m+fp/hard\libc_nano.a(lib_a-printf.o)
                0x000000000800682c                iprintf
                0x000000000800682c                printf
 .text._puts_r  0x000000000800685c       0xdc c:/st/stm32cubeide_1.12.1/stm32cubeide/plugins/com.st.stm32cube.ide.mcu.externaltools.gnu-tools-for-stm32.10.3-2021.10.win32_1.0.200.202301161003/tools/bin/../lib/gcc/arm-none-eabi/10.3.1/../../../../arm-none-eabi/lib/thumb/v7e-m+fp/hard\libc_nano.a(lib_a-puts.o)
                0x000000000800685c                _puts_r
 .text.puts     0x0000000008006938       0x10 c:/st/stm32cubeide_1.12.1/stm32cubeide/plugins/com.st.stm32cube.ide.mcu.externaltools.gnu-tools-for-stm32.10.3-2021.10.win32_1.0.200.202301161003/tools/bin/../lib/gcc/arm-none-eabi/10.3.1/../../../../arm-none-eabi/lib/thumb/v7e-m+fp/hard\libc_nano.a(lib_a-puts.o)
                0x0000000008006938                puts
 .text._sbrk_r  0x0000000008006948       0x20 c:/st/stm32cubeide_1.12.1/stm32cubeide/plugins/com.st.stm32cube.ide.mcu.externaltools.gnu-tools-for-stm32.10.3-2021.10.win32_1.0.200.202301161003/tools/bin/../lib/gcc/arm-none-eabi/10.3.1/../../../../arm-none-eabi/lib/thumb/v7e-m+fp/hard\libc_nano.a(lib_a-sbrkr.o)
                0x0000000008006948                _sbrk_r
 .text.__swbuf_r
                0x0000000008006968       0xa4 c:/st/stm32cubeide_1.12.1/stm32cubeide/plugins/com.st.stm32cube.ide.mcu.externaltools.gnu-tools-for-stm32.10.3-2021.10.win32_1.0.200.202301161003/tools/bin/../lib/gcc/arm-none-eabi/10.3.1/../../../../arm-none-eabi/lib/thumb/v7e-m+fp/hard\libc_nano.a(lib_a-wbuf.o)
                0x0000000008006968                __swbuf_r
 .text.__swsetup_r
                0x0000000008006a0c       0xdc c:/st/stm32cubeide_1.12.1/stm32cubeide/plugins/com.st.stm32cube.ide.mcu.externaltools.gnu-tools-for-stm32.10.3-2021.10.win32_1.0.200.202301161003/tools/bin/../lib/gcc/arm-none-eabi/10.3.1/../../../../arm-none-eabi/lib/thumb/v7e-m+fp/hard\libc_nano.a(lib_a-wsetup.o)
                0x0000000008006a0c                __swsetup_r
 .text.__sflush_r
                0x0000000008006ae8      0x10c c:/st/stm32cubeide_1.12.1/stm32cubeide/plugins/com.st.stm32cube.ide.mcu.externaltools.gnu-tools-for-stm32.10.3-2021.10.win32_1.0.200.202301161003/tools/bin/../lib/gcc/arm-none-eabi/10.3.1/../../../../arm-none-eabi/lib/thumb/v7e-m+fp/hard\libc_nano.a(lib_a-fflush.o)
                0x0000000008006ae8                __sflush_r
 .text._fflush_r
                0x0000000008006bf4       0x78 c:/st/stm32cubeide_1.12.1/stm32cubeide/plugins/com.st.stm32cube.ide.mcu.externaltools.gnu-tools-for-stm32.10.3-2021.10.win32_1.0.200.202301161003/tools/bin/../lib/gcc/arm-none-eabi/10.3.1/../../../../arm-none-eabi/lib/thumb/v7e-m+fp/hard\libc_nano.a(lib_a-fflush.o)
                0x0000000008006bf4                _fflush_r
 .text.std      0x0000000008006c6c       0x48 c:/st/stm32cubeide_1.12.1/stm32cubeide/plugins/com.st.stm32cube.ide.mcu.externaltools.gnu-tools-for-stm32.10.3-2021.10.win32_1.0.200.202301161003/tools/bin/../lib/gcc/arm-none-eabi/10.3.1/../../../../arm-none-eabi/lib/thumb/v7e-m+fp/hard\libc_nano.a(lib_a-findfp.o)
 .text._cleanup_r
                0x0000000008006cb4        0xc c:/st/stm32cubeide_1.12.1/stm32cubeide/plugins/com.st.stm32cube.ide.mcu.externaltools.gnu-tools-for-stm32.10.3-2021.10.win32_1.0.200.202301161003/tools/bin/../lib/gcc/arm-none-eabi/10.3.1/../../../../arm-none-eabi/lib/thumb/v7e-m+fp/hard\libc_nano.a(lib_a-findfp.o)
                0x0000000008006cb4                _cleanup_r
 .text.__sfmoreglue
                0x0000000008006cc0       0x2c c:/st/stm32cubeide_1.12.1/stm32cubeide/plugins/com.st.stm32cube.ide.mcu.externaltools.gnu-tools-for-stm32.10.3-2021.10.win32_1.0.200.202301161003/tools/bin/../lib/gcc/arm-none-eabi/10.3.1/../../../../arm-none-eabi/lib/thumb/v7e-m+fp/hard\libc_nano.a(lib_a-findfp.o)
                0x0000000008006cc0                __sfmoreglue
 .text.__sfp_lock_acquire
                0x0000000008006cec        0xc c:/st/stm32cubeide_1.12.1/stm32cubeide/plugins/com.st.stm32cube.ide.mcu.externaltools.gnu-tools-for-stm32.10.3-2021.10.win32_1.0.200.202301161003/tools/bin/../lib/gcc/arm-none-eabi/10.3.1/../../../../arm-none-eabi/lib/thumb/v7e-m+fp/hard\libc_nano.a(lib_a-findfp.o)
                0x0000000008006cec                __sfp_lock_acquire
 .text.__sfp_lock_release
                0x0000000008006cf8        0xc c:/st/stm32cubeide_1.12.1/stm32cubeide/plugins/com.st.stm32cube.ide.mcu.externaltools.gnu-tools-for-stm32.10.3-2021.10.win32_1.0.200.202301161003/tools/bin/../lib/gcc/arm-none-eabi/10.3.1/../../../../arm-none-eabi/lib/thumb/v7e-m+fp/hard\libc_nano.a(lib_a-findfp.o)
                0x0000000008006cf8                __sfp_lock_release
 .text.__sinit_lock_acquire
                0x0000000008006d04        0xc c:/st/stm32cubeide_1.12.1/stm32cubeide/plugins/com.st.stm32cube.ide.mcu.externaltools.gnu-tools-for-stm32.10.3-2021.10.win32_1.0.200.202301161003/tools/bin/../lib/gcc/arm-none-eabi/10.3.1/../../../../arm-none-eabi/lib/thumb/v7e-m+fp/hard\libc_nano.a(lib_a-findfp.o)
                0x0000000008006d04                __sinit_lock_acquire
 .text.__sinit_lock_release
                0x0000000008006d10        0xc c:/st/stm32cubeide_1.12.1/stm32cubeide/plugins/com.st.stm32cube.ide.mcu.externaltools.gnu-tools-for-stm32.10.3-2021.10.win32_1.0.200.202301161003/tools/bin/../lib/gcc/arm-none-eabi/10.3.1/../../../../arm-none-eabi/lib/thumb/v7e-m+fp/hard\libc_nano.a(lib_a-findfp.o)
                0x0000000008006d10                __sinit_lock_release
 .text.__sinit  0x0000000008006d1c       0x70 c:/st/stm32cubeide_1.12.1/stm32cubeide/plugins/com.st.stm32cube.ide.mcu.externaltools.gnu-tools-for-stm32.10.3-2021.10.win32_1.0.200.202301161003/tools/bin/../lib/gcc/arm-none-eabi/10.3.1/../../../../arm-none-eabi/lib/thumb/v7e-m+fp/hard\libc_nano.a(lib_a-findfp.o)
                0x0000000008006d1c                __sinit
 .text.__sfp    0x0000000008006d8c       0x8c c:/st/stm32cubeide_1.12.1/stm32cubeide/plugins/com.st.stm32cube.ide.mcu.externaltools.gnu-tools-for-stm32.10.3-2021.10.win32_1.0.200.202301161003/tools/bin/../lib/gcc/arm-none-eabi/10.3.1/../../../../arm-none-eabi/lib/thumb/v7e-m+fp/hard\libc_nano.a(lib_a-findfp.o)
                0x0000000008006d8c                __sfp
 .text._fwalk_reent
                0x0000000008006e18       0x3e c:/st/stm32cubeide_1.12.1/stm32cubeide/plugins/com.st.stm32cube.ide.mcu.externaltools.gnu-tools-for-stm32.10.3-2021.10.win32_1.0.200.202301161003/tools/bin/../lib/gcc/arm-none-eabi/10.3.1/../../../../arm-none-eabi/lib/thumb/v7e-m+fp/hard\libc_nano.a(lib_a-fwalk.o)
                0x0000000008006e18                _fwalk_reent
 .text.__retarget_lock_init_recursive
                0x0000000008006e56        0x2 c:/st/stm32cubeide_1.12.1/stm32cubeide/plugins/com.st.stm32cube.ide.mcu.externaltools.gnu-tools-for-stm32.10.3-2021.10.win32_1.0.200.202301161003/tools/bin/../lib/gcc/arm-none-eabi/10.3.1/../../../../arm-none-eabi/lib/thumb/v7e-m+fp/hard\libc_nano.a(lib_a-lock.o)
                0x0000000008006e56                __retarget_lock_init_recursive
 .text.__retarget_lock_acquire_recursive
                0x0000000008006e58        0x2 c:/st/stm32cubeide_1.12.1/stm32cubeide/plugins/com.st.stm32cube.ide.mcu.externaltools.gnu-tools-for-stm32.10.3-2021.10.win32_1.0.200.202301161003/tools/bin/../lib/gcc/arm-none-eabi/10.3.1/../../../../arm-none-eabi/lib/thumb/v7e-m+fp/hard\libc_nano.a(lib_a-lock.o)
                0x0000000008006e58                __retarget_lock_acquire_recursive
 .text.__retarget_lock_release_recursive
                0x0000000008006e5a        0x2 c:/st/stm32cubeide_1.12.1/stm32cubeide/plugins/com.st.stm32cube.ide.mcu.externaltools.gnu-tools-for-stm32.10.3-2021.10.win32_1.0.200.202301161003/tools/bin/../lib/gcc/arm-none-eabi/10.3.1/../../../../arm-none-eabi/lib/thumb/v7e-m+fp/hard\libc_nano.a(lib_a-lock.o)
                0x0000000008006e5a                __retarget_lock_release_recursive
 .text.__swhatbuf_r
                0x0000000008006e5c       0x4a c:/st/stm32cubeide_1.12.1/stm32cubeide/plugins/com.st.stm32cube.ide.mcu.externaltools.gnu-tools-for-stm32.10.3-2021.10.win32_1.0.200.202301161003/tools/bin/../lib/gcc/arm-none-eabi/10.3.1/../../../../arm-none-eabi/lib/thumb/v7e-m+fp/hard\libc_nano.a(lib_a-makebuf.o)
                0x0000000008006e5c                __swhatbuf_r
 *fill*         0x0000000008006ea6        0x2 
 .text.__smakebuf_r
                0x0000000008006ea8       0x80 c:/st/stm32cubeide_1.12.1/stm32cubeide/plugins/com.st.stm32cube.ide.mcu.externaltools.gnu-tools-for-stm32.10.3-2021.10.win32_1.0.200.202301161003/tools/bin/../lib/gcc/arm-none-eabi/10.3.1/../../../../arm-none-eabi/lib/thumb/v7e-m+fp/hard\libc_nano.a(lib_a-makebuf.o)
                0x0000000008006ea8                __smakebuf_r
 .text.__malloc_lock
                0x0000000008006f28        0xc c:/st/stm32cubeide_1.12.1/stm32cubeide/plugins/com.st.stm32cube.ide.mcu.externaltools.gnu-tools-for-stm32.10.3-2021.10.win32_1.0.200.202301161003/tools/bin/../lib/gcc/arm-none-eabi/10.3.1/../../../../arm-none-eabi/lib/thumb/v7e-m+fp/hard\libc_nano.a(lib_a-mlock.o)
                0x0000000008006f28                __malloc_lock
 .text.__malloc_unlock
                0x0000000008006f34        0xc c:/st/stm32cubeide_1.12.1/stm32cubeide/plugins/com.st.stm32cube.ide.mcu.externaltools.gnu-tools-for-stm32.10.3-2021.10.win32_1.0.200.202301161003/tools/bin/../lib/gcc/arm-none-eabi/10.3.1/../../../../arm-none-eabi/lib/thumb/v7e-m+fp/hard\libc_nano.a(lib_a-mlock.o)
                0x0000000008006f34                __malloc_unlock
 .text.__sfputc_r
                0x0000000008006f40       0x2e c:/st/stm32cubeide_1.12.1/stm32cubeide/plugins/com.st.stm32cube.ide.mcu.externaltools.gnu-tools-for-stm32.10.3-2021.10.win32_1.0.200.202301161003/tools/bin/../lib/gcc/arm-none-eabi/10.3.1/../../../../arm-none-eabi/lib/thumb/v7e-m+fp/hard\libc_nano.a(lib_a-nano-vfprintf.o)
 .text.__sfputs_r
                0x0000000008006f6e       0x24 c:/st/stm32cubeide_1.12.1/stm32cubeide/plugins/com.st.stm32cube.ide.mcu.externaltools.gnu-tools-for-stm32.10.3-2021.10.win32_1.0.200.202301161003/tools/bin/../lib/gcc/arm-none-eabi/10.3.1/../../../../arm-none-eabi/lib/thumb/v7e-m+fp/hard\libc_nano.a(lib_a-nano-vfprintf.o)
                0x0000000008006f6e                __sfputs_r
 *fill*         0x0000000008006f92        0x2 
 .text._vfprintf_r
                0x0000000008006f94      0x260 c:/st/stm32cubeide_1.12.1/stm32cubeide/plugins/com.st.stm32cube.ide.mcu.externaltools.gnu-tools-for-stm32.10.3-2021.10.win32_1.0.200.202301161003/tools/bin/../lib/gcc/arm-none-eabi/10.3.1/../../../../arm-none-eabi/lib/thumb/v7e-m+fp/hard\libc_nano.a(lib_a-nano-vfprintf.o)
                0x0000000008006f94                _vfprintf_r
                0x0000000008006f94                _vfiprintf_r
 .text._printf_common
                0x00000000080071f4       0xda c:/st/stm32cubeide_1.12.1/stm32cubeide/plugins/com.st.stm32cube.ide.mcu.externaltools.gnu-tools-for-stm32.10.3-2021.10.win32_1.0.200.202301161003/tools/bin/../lib/gcc/arm-none-eabi/10.3.1/../../../../arm-none-eabi/lib/thumb/v7e-m+fp/hard\libc_nano.a(lib_a-nano-vfprintf_i.o)
                0x00000000080071f4                _printf_common
 *fill*         0x00000000080072ce        0x2 
 .text._printf_i
                0x00000000080072d0      0x24c c:/st/stm32cubeide_1.12.1/stm32cubeide/plugins/com.st.stm32cube.ide.mcu.externaltools.gnu-tools-for-stm32.10.3-2021.10.win32_1.0.200.202301161003/tools/bin/../lib/gcc/arm-none-eabi/10.3.1/../../../../arm-none-eabi/lib/thumb/v7e-m+fp/hard\libc_nano.a(lib_a-nano-vfprintf_i.o)
                0x00000000080072d0                _printf_i
 .text.__sread  0x000000000800751c       0x22 c:/st/stm32cubeide_1.12.1/stm32cubeide/plugins/com.st.stm32cube.ide.mcu.externaltools.gnu-tools-for-stm32.10.3-2021.10.win32_1.0.200.202301161003/tools/bin/../lib/gcc/arm-none-eabi/10.3.1/../../../../arm-none-eabi/lib/thumb/v7e-m+fp/hard\libc_nano.a(lib_a-stdio.o)
                0x000000000800751c                __sread
 .text.__swrite
                0x000000000800753e       0x38 c:/st/stm32cubeide_1.12.1/stm32cubeide/plugins/com.st.stm32cube.ide.mcu.externaltools.gnu-tools-for-stm32.10.3-2021.10.win32_1.0.200.202301161003/tools/bin/../lib/gcc/arm-none-eabi/10.3.1/../../../../arm-none-eabi/lib/thumb/v7e-m+fp/hard\libc_nano.a(lib_a-stdio.o)
                0x000000000800753e                __swrite
 .text.__sseek  0x0000000008007576       0x24 c:/st/stm32cubeide_1.12.1/stm32cubeide/plugins/com.st.stm32cube.ide.mcu.externaltools.gnu-tools-for-stm32.10.3-2021.10.win32_1.0.200.202301161003/tools/bin/../lib/gcc/arm-none-eabi/10.3.1/../../../../arm-none-eabi/lib/thumb/v7e-m+fp/hard\libc_nano.a(lib_a-stdio.o)
                0x0000000008007576                __sseek
 .text.__sclose
                0x000000000800759a        0x8 c:/st/stm32cubeide_1.12.1/stm32cubeide/plugins/com.st.stm32cube.ide.mcu.externaltools.gnu-tools-for-stm32.10.3-2021.10.win32_1.0.200.202301161003/tools/bin/../lib/gcc/arm-none-eabi/10.3.1/../../../../arm-none-eabi/lib/thumb/v7e-m+fp/hard\libc_nano.a(lib_a-stdio.o)
                0x000000000800759a                __sclose
 *fill*         0x00000000080075a2        0x2 
 .text._write_r
                0x00000000080075a4       0x24 c:/st/stm32cubeide_1.12.1/stm32cubeide/plugins/com.st.stm32cube.ide.mcu.externaltools.gnu-tools-for-stm32.10.3-2021.10.win32_1.0.200.202301161003/tools/bin/../lib/gcc/arm-none-eabi/10.3.1/../../../../arm-none-eabi/lib/thumb/v7e-m+fp/hard\libc_nano.a(lib_a-writer.o)
                0x00000000080075a4                _write_r
 .text._close_r
                0x00000000080075c8       0x20 c:/st/stm32cubeide_1.12.1/stm32cubeide/plugins/com.st.stm32cube.ide.mcu.externaltools.gnu-tools-for-stm32.10.3-2021.10.win32_1.0.200.202301161003/tools/bin/../lib/gcc/arm-none-eabi/10.3.1/../../../../arm-none-eabi/lib/thumb/v7e-m+fp/hard\libc_nano.a(lib_a-closer.o)
                0x00000000080075c8                _close_r
 .text._fstat_r
                0x00000000080075e8       0x24 c:/st/stm32cubeide_1.12.1/stm32cubeide/plugins/com.st.stm32cube.ide.mcu.externaltools.gnu-tools-for-stm32.10.3-2021.10.win32_1.0.200.202301161003/tools/bin/../lib/gcc/arm-none-eabi/10.3.1/../../../../arm-none-eabi/lib/thumb/v7e-m+fp/hard\libc_nano.a(lib_a-fstatr.o)
                0x00000000080075e8                _fstat_r
 .text._isatty_r
                0x000000000800760c       0x20 c:/st/stm32cubeide_1.12.1/stm32cubeide/plugins/com.st.stm32cube.ide.mcu.externaltools.gnu-tools-for-stm32.10.3-2021.10.win32_1.0.200.202301161003/tools/bin/../lib/gcc/arm-none-eabi/10.3.1/../../../../arm-none-eabi/lib/thumb/v7e-m+fp/hard\libc_nano.a(lib_a-isattyr.o)
                0x000000000800760c                _isatty_r
 .text._lseek_r
                0x000000000800762c       0x24 c:/st/stm32cubeide_1.12.1/stm32cubeide/plugins/com.st.stm32cube.ide.mcu.externaltools.gnu-tools-for-stm32.10.3-2021.10.win32_1.0.200.202301161003/tools/bin/../lib/gcc/arm-none-eabi/10.3.1/../../../../arm-none-eabi/lib/thumb/v7e-m+fp/hard\libc_nano.a(lib_a-lseekr.o)
                0x000000000800762c                _lseek_r
 .text._read_r  0x0000000008007650       0x24 c:/st/stm32cubeide_1.12.1/stm32cubeide/plugins/com.st.stm32cube.ide.mcu.externaltools.gnu-tools-for-stm32.10.3-2021.10.win32_1.0.200.202301161003/tools/bin/../lib/gcc/arm-none-eabi/10.3.1/../../../../arm-none-eabi/lib/thumb/v7e-m+fp/hard\libc_nano.a(lib_a-readr.o)
                0x0000000008007650                _read_r
 *(.glue_7)
 .glue_7        0x0000000008007674        0x0 linker stubs
 *(.glue_7t)
 .glue_7t       0x0000000008007674        0x0 linker stubs
 *(.eh_frame)
 .eh_frame      0x0000000008007674        0x0 c:/st/stm32cubeide_1.12.1/stm32cubeide/plugins/com.st.stm32cube.ide.mcu.externaltools.gnu-tools-for-stm32.10.3-2021.10.win32_1.0.200.202301161003/tools/bin/../lib/gcc/arm-none-eabi/10.3.1/thumb/v7e-m+fp/hard/crtbegin.o
 *(.init)
 .init          0x0000000008007674        0x4 c:/st/stm32cubeide_1.12.1/stm32cubeide/plugins/com.st.stm32cube.ide.mcu.externaltools.gnu-tools-for-stm32.10.3-2021.10.win32_1.0.200.202301161003/tools/bin/../lib/gcc/arm-none-eabi/10.3.1/thumb/v7e-m+fp/hard/crti.o
                0x0000000008007674                _init
 .init          0x0000000008007678        0x8 c:/st/stm32cubeide_1.12.1/stm32cubeide/plugins/com.st.stm32cube.ide.mcu.externaltools.gnu-tools-for-stm32.10.3-2021.10.win32_1.0.200.202301161003/tools/bin/../lib/gcc/arm-none-eabi/10.3.1/thumb/v7e-m+fp/hard/crtn.o
 *(.fini)
 .fini          0x0000000008007680        0x4 c:/st/stm32cubeide_1.12.1/stm32cubeide/plugins/com.st.stm32cube.ide.mcu.externaltools.gnu-tools-for-stm32.10.3-2021.10.win32_1.0.200.202301161003/tools/bin/../lib/gcc/arm-none-eabi/10.3.1/thumb/v7e-m+fp/hard/crti.o
                0x0000000008007680                _fini
 .fini          0x0000000008007684        0x8 c:/st/stm32cubeide_1.12.1/stm32cubeide/plugins/com.st.stm32cube.ide.mcu.externaltools.gnu-tools-for-stm32.10.3-2021.10.win32_1.0.200.202301161003/tools/bin/../lib/gcc/arm-none-eabi/10.3.1/thumb/v7e-m+fp/hard/crtn.o
                0x000000000800768c                . = ALIGN (0x4)
                0x000000000800768c                _etext = .

.vfp11_veneer   0x000000000800768c        0x0
 .vfp11_veneer  0x000000000800768c        0x0 linker stubs

.v4_bx          0x000000000800768c        0x0
 .v4_bx         0x000000000800768c        0x0 linker stubs

.iplt           0x000000000800768c        0x0
 .iplt          0x000000000800768c        0x0 c:/st/stm32cubeide_1.12.1/stm32cubeide/plugins/com.st.stm32cube.ide.mcu.externaltools.gnu-tools-for-stm32.10.3-2021.10.win32_1.0.200.202301161003/tools/bin/../lib/gcc/arm-none-eabi/10.3.1/thumb/v7e-m+fp/hard/crtbegin.o

.rodata         0x000000000800768c      0x6d8
                0x000000000800768c                . = ALIGN (0x4)
 *(.rodata)
 .rodata        0x000000000800768c       0x2c ./Core/Src/main.o
 *(.rodata*)
 .rodata.AHBPrescTable
                0x00000000080076b8       0x10 ./Core/Src/system_stm32l4xx.o
                0x00000000080076b8                AHBPrescTable
 .rodata.APBPrescTable
                0x00000000080076c8        0x8 ./Core/Src/system_stm32l4xx.o
                0x00000000080076c8                APBPrescTable
 .rodata.MSIRangeTable
                0x00000000080076d0       0x30 ./Core/Src/system_stm32l4xx.o
                0x00000000080076d0                MSIRangeTable
 .rodata.u8g2_font_courB10_tr
                0x0000000008007700      0x54f ./Core/Src/u8g2_fonts.o
                0x0000000008007700                u8g2_font_courB10_tr
 *fill*         0x0000000008007c4f        0x1 
 .rodata.u8g2_cb_r2
                0x0000000008007c50        0xc ./Core/Src/u8g2_setup.o
                0x0000000008007c50                u8g2_cb_r2
 .rodata.u8x8_d_ssd1306_128x64_noname_init_seq
                0x0000000008007c5c       0x35 ./Core/Src/u8x8_d_ssd1306_128x64_noname.o
 *fill*         0x0000000008007c91        0x3 
 .rodata.u8x8_d_ssd1306_128x64_noname_powersave0_seq
                0x0000000008007c94        0x5 ./Core/Src/u8x8_d_ssd1306_128x64_noname.o
 *fill*         0x0000000008007c99        0x3 
 .rodata.u8x8_d_ssd1306_128x64_noname_powersave1_seq
                0x0000000008007c9c        0x5 ./Core/Src/u8x8_d_ssd1306_128x64_noname.o
 *fill*         0x0000000008007ca1        0x3 
 .rodata.u8x8_d_ssd1306_128x64_noname_flip0_seq
                0x0000000008007ca4        0x7 ./Core/Src/u8x8_d_ssd1306_128x64_noname.o
 *fill*         0x0000000008007cab        0x1 
 .rodata.u8x8_d_ssd1306_128x64_noname_flip1_seq
                0x0000000008007cac        0x7 ./Core/Src/u8x8_d_ssd1306_128x64_noname.o
 *fill*         0x0000000008007cb3        0x1 
 .rodata.u8x8_ssd1306_128x64_noname_display_info
                0x0000000008007cb4       0x18 ./Core/Src/u8x8_d_ssd1306_128x64_noname.o
 .rodata._global_impure_ptr
                0x0000000008007ccc        0x4 c:/st/stm32cubeide_1.12.1/stm32cubeide/plugins/com.st.stm32cube.ide.mcu.externaltools.gnu-tools-for-stm32.10.3-2021.10.win32_1.0.200.202301161003/tools/bin/../lib/gcc/arm-none-eabi/10.3.1/../../../../arm-none-eabi/lib/thumb/v7e-m+fp/hard\libc_nano.a(lib_a-impure.o)
                0x0000000008007ccc                _global_impure_ptr
 .rodata.__sf_fake_stderr
                0x0000000008007cd0       0x20 c:/st/stm32cubeide_1.12.1/stm32cubeide/plugins/com.st.stm32cube.ide.mcu.externaltools.gnu-tools-for-stm32.10.3-2021.10.win32_1.0.200.202301161003/tools/bin/../lib/gcc/arm-none-eabi/10.3.1/../../../../arm-none-eabi/lib/thumb/v7e-m+fp/hard\libc_nano.a(lib_a-findfp.o)
                0x0000000008007cd0                __sf_fake_stderr
 .rodata.__sf_fake_stdin
                0x0000000008007cf0       0x20 c:/st/stm32cubeide_1.12.1/stm32cubeide/plugins/com.st.stm32cube.ide.mcu.externaltools.gnu-tools-for-stm32.10.3-2021.10.win32_1.0.200.202301161003/tools/bin/../lib/gcc/arm-none-eabi/10.3.1/../../../../arm-none-eabi/lib/thumb/v7e-m+fp/hard\libc_nano.a(lib_a-findfp.o)
                0x0000000008007cf0                __sf_fake_stdin
 .rodata.__sf_fake_stdout
                0x0000000008007d10       0x20 c:/st/stm32cubeide_1.12.1/stm32cubeide/plugins/com.st.stm32cube.ide.mcu.externaltools.gnu-tools-for-stm32.10.3-2021.10.win32_1.0.200.202301161003/tools/bin/../lib/gcc/arm-none-eabi/10.3.1/../../../../arm-none-eabi/lib/thumb/v7e-m+fp/hard\libc_nano.a(lib_a-findfp.o)
                0x0000000008007d10                __sf_fake_stdout
 .rodata._vfprintf_r.str1.1
                0x0000000008007d30       0x11 c:/st/stm32cubeide_1.12.1/stm32cubeide/plugins/com.st.stm32cube.ide.mcu.externaltools.gnu-tools-for-stm32.10.3-2021.10.win32_1.0.200.202301161003/tools/bin/../lib/gcc/arm-none-eabi/10.3.1/../../../../arm-none-eabi/lib/thumb/v7e-m+fp/hard\libc_nano.a(lib_a-nano-vfprintf.o)
 .rodata._printf_i.str1.1
                0x0000000008007d41       0x22 c:/st/stm32cubeide_1.12.1/stm32cubeide/plugins/com.st.stm32cube.ide.mcu.externaltools.gnu-tools-for-stm32.10.3-2021.10.win32_1.0.200.202301161003/tools/bin/../lib/gcc/arm-none-eabi/10.3.1/../../../../arm-none-eabi/lib/thumb/v7e-m+fp/hard\libc_nano.a(lib_a-nano-vfprintf_i.o)
                0x0000000008007d64                . = ALIGN (0x4)
 *fill*         0x0000000008007d63        0x1 

.ARM.extab      0x0000000008007d64        0x0
                0x0000000008007d64                . = ALIGN (0x4)
 *(.ARM.extab* .gnu.linkonce.armextab.*)
                0x0000000008007d64                . = ALIGN (0x4)

.ARM            0x0000000008007d64        0x8
                0x0000000008007d64                . = ALIGN (0x4)
                0x0000000008007d64                __exidx_start = .
 *(.ARM.exidx*)
 .ARM.exidx     0x0000000008007d64        0x8 c:/st/stm32cubeide_1.12.1/stm32cubeide/plugins/com.st.stm32cube.ide.mcu.externaltools.gnu-tools-for-stm32.10.3-2021.10.win32_1.0.200.202301161003/tools/bin/../lib/gcc/arm-none-eabi/10.3.1/thumb/v7e-m+fp/hard\libgcc.a(_udivmoddi4.o)
                0x0000000008007d6c                __exidx_end = .
                0x0000000008007d6c                . = ALIGN (0x4)

.rel.dyn        0x0000000008007d6c        0x0
 .rel.iplt      0x0000000008007d6c        0x0 c:/st/stm32cubeide_1.12.1/stm32cubeide/plugins/com.st.stm32cube.ide.mcu.externaltools.gnu-tools-for-stm32.10.3-2021.10.win32_1.0.200.202301161003/tools/bin/../lib/gcc/arm-none-eabi/10.3.1/thumb/v7e-m+fp/hard/crtbegin.o

.preinit_array  0x0000000008007d6c        0x0
                0x0000000008007d6c                . = ALIGN (0x4)
                0x0000000008007d6c                PROVIDE (__preinit_array_start = .)
 *(.preinit_array*)
                0x0000000008007d6c                PROVIDE (__preinit_array_end = .)
                0x0000000008007d6c                . = ALIGN (0x4)

.init_array     0x0000000008007d6c        0x4
                0x0000000008007d6c                . = ALIGN (0x4)
                0x0000000008007d6c                PROVIDE (__init_array_start = .)
 *(SORT_BY_NAME(.init_array.*))
 *(.init_array*)
 .init_array    0x0000000008007d6c        0x4 c:/st/stm32cubeide_1.12.1/stm32cubeide/plugins/com.st.stm32cube.ide.mcu.externaltools.gnu-tools-for-stm32.10.3-2021.10.win32_1.0.200.202301161003/tools/bin/../lib/gcc/arm-none-eabi/10.3.1/thumb/v7e-m+fp/hard/crtbegin.o
                0x0000000008007d70                PROVIDE (__init_array_end = .)
                0x0000000008007d70                . = ALIGN (0x4)

.fini_array     0x0000000008007d70        0x4
                0x0000000008007d70                . = ALIGN (0x4)
                [!provide]                        PROVIDE (__fini_array_start = .)
 *(SORT_BY_NAME(.fini_array.*))
 *(.fini_array*)
 .fini_array    0x0000000008007d70        0x4 c:/st/stm32cubeide_1.12.1/stm32cubeide/plugins/com.st.stm32cube.ide.mcu.externaltools.gnu-tools-for-stm32.10.3-2021.10.win32_1.0.200.202301161003/tools/bin/../lib/gcc/arm-none-eabi/10.3.1/thumb/v7e-m+fp/hard/crtbegin.o
                [!provide]                        PROVIDE (__fini_array_end = .)
                0x0000000008007d74                . = ALIGN (0x4)
                0x0000000008007d74                _sidata = LOADADDR (.data)

.data           0x0000000020000000       0x7c load address 0x0000000008007d74
                0x0000000020000000                . = ALIGN (0x4)
                0x0000000020000000                _sdata = .
 *(.data)
 *(.data*)
 .data.image1   0x0000000020000000        0xa ./Core/Src/main.o
                0x0000000020000000                image1
 *fill*         0x000000002000000a        0x2 
 .data.SystemCoreClock
                0x000000002000000c        0x4 ./Core/Src/system_stm32l4xx.o
                0x000000002000000c                SystemCoreClock
 .data.uwTickPrio
                0x0000000020000010        0x4 ./Drivers/STM32L4xx_HAL_Driver/Src/stm32l4xx_hal.o
                0x0000000020000010                uwTickPrio
 .data.uwTickFreq
                0x0000000020000014        0x1 ./Drivers/STM32L4xx_HAL_Driver/Src/stm32l4xx_hal.o
                0x0000000020000014                uwTickFreq
 *fill*         0x0000000020000015        0x3 
 .data._impure_ptr
                0x0000000020000018        0x4 c:/st/stm32cubeide_1.12.1/stm32cubeide/plugins/com.st.stm32cube.ide.mcu.externaltools.gnu-tools-for-stm32.10.3-2021.10.win32_1.0.200.202301161003/tools/bin/../lib/gcc/arm-none-eabi/10.3.1/../../../../arm-none-eabi/lib/thumb/v7e-m+fp/hard\libc_nano.a(lib_a-impure.o)
                0x0000000020000018                _impure_ptr
 .data.impure_data
                0x000000002000001c       0x60 c:/st/stm32cubeide_1.12.1/stm32cubeide/plugins/com.st.stm32cube.ide.mcu.externaltools.gnu-tools-for-stm32.10.3-2021.10.win32_1.0.200.202301161003/tools/bin/../lib/gcc/arm-none-eabi/10.3.1/../../../../arm-none-eabi/lib/thumb/v7e-m+fp/hard\libc_nano.a(lib_a-impure.o)
 *(.RamFunc)
 *(.RamFunc*)
                0x000000002000007c                . = ALIGN (0x4)
                0x000000002000007c                _edata = .

.igot.plt       0x000000002000007c        0x0 load address 0x0000000008007df0
 .igot.plt      0x000000002000007c        0x0 c:/st/stm32cubeide_1.12.1/stm32cubeide/plugins/com.st.stm32cube.ide.mcu.externaltools.gnu-tools-for-stm32.10.3-2021.10.win32_1.0.200.202301161003/tools/bin/../lib/gcc/arm-none-eabi/10.3.1/thumb/v7e-m+fp/hard/crtbegin.o
                0x000000002000007c                . = ALIGN (0x4)

.bss            0x000000002000007c      0x5e0 load address 0x0000000008007df0
                0x000000002000007c                _sbss = .
                0x000000002000007c                __bss_start__ = _sbss
 *(.bss)
 .bss           0x000000002000007c       0x1c c:/st/stm32cubeide_1.12.1/stm32cubeide/plugins/com.st.stm32cube.ide.mcu.externaltools.gnu-tools-for-stm32.10.3-2021.10.win32_1.0.200.202301161003/tools/bin/../lib/gcc/arm-none-eabi/10.3.1/thumb/v7e-m+fp/hard/crtbegin.o
 *(.bss*)
 .bss.hi2c1     0x0000000020000098       0x54 ./Core/Src/i2c.o
                0x0000000020000098                hi2c1
 .bss.__sbrk_heap_end
                0x00000000200000ec        0x4 ./Core/Src/sysmem.o
 .bss.htim2     0x00000000200000f0       0x4c ./Core/Src/tim.o
                0x00000000200000f0                htim2
 .bss.buf.0     0x000000002000013c      0x400 ./Core/Src/u8g2_d_memory.o
 .bss.in_transfer.5
                0x000000002000053c        0x1 ./Core/Src/u8x8_cad.o
 .bss.buffer_count.1
                0x000000002000053d        0x1 ./Core/Src/u8x8_stm32_HAL.o
 *fill*         0x000000002000053e        0x2 
 .bss.buffer.0  0x0000000020000540       0x81 ./Core/Src/u8x8_stm32_HAL.o
 *fill*         0x00000000200005c1        0x3 
 .bss.huart2    0x00000000200005c4       0x84 ./Core/Src/usart.o
                0x00000000200005c4                huart2
 .bss.uwTick    0x0000000020000648        0x4 ./Drivers/STM32L4xx_HAL_Driver/Src/stm32l4xx_hal.o
                0x0000000020000648                uwTick
 .bss.__malloc_free_list
                0x000000002000064c        0x4 c:/st/stm32cubeide_1.12.1/stm32cubeide/plugins/com.st.stm32cube.ide.mcu.externaltools.gnu-tools-for-stm32.10.3-2021.10.win32_1.0.200.202301161003/tools/bin/../lib/gcc/arm-none-eabi/10.3.1/../../../../arm-none-eabi/lib/thumb/v7e-m+fp/hard\libc_nano.a(lib_a-nano-mallocr.o)
                0x000000002000064c                __malloc_free_list
 .bss.__malloc_sbrk_start
                0x0000000020000650        0x4 c:/st/stm32cubeide_1.12.1/stm32cubeide/plugins/com.st.stm32cube.ide.mcu.externaltools.gnu-tools-for-stm32.10.3-2021.10.win32_1.0.200.202301161003/tools/bin/../lib/gcc/arm-none-eabi/10.3.1/../../../../arm-none-eabi/lib/thumb/v7e-m+fp/hard\libc_nano.a(lib_a-nano-mallocr.o)
                0x0000000020000650                __malloc_sbrk_start
 .bss.__lock___malloc_recursive_mutex
                0x0000000020000654        0x1 c:/st/stm32cubeide_1.12.1/stm32cubeide/plugins/com.st.stm32cube.ide.mcu.externaltools.gnu-tools-for-stm32.10.3-2021.10.win32_1.0.200.202301161003/tools/bin/../lib/gcc/arm-none-eabi/10.3.1/../../../../arm-none-eabi/lib/thumb/v7e-m+fp/hard\libc_nano.a(lib_a-lock.o)
                0x0000000020000654                __lock___malloc_recursive_mutex
 .bss.__lock___sfp_recursive_mutex
                0x0000000020000655        0x1 c:/st/stm32cubeide_1.12.1/stm32cubeide/plugins/com.st.stm32cube.ide.mcu.externaltools.gnu-tools-for-stm32.10.3-2021.10.win32_1.0.200.202301161003/tools/bin/../lib/gcc/arm-none-eabi/10.3.1/../../../../arm-none-eabi/lib/thumb/v7e-m+fp/hard\libc_nano.a(lib_a-lock.o)
                0x0000000020000655                __lock___sfp_recursive_mutex
 .bss.__lock___sinit_recursive_mutex
                0x0000000020000656        0x1 c:/st/stm32cubeide_1.12.1/stm32cubeide/plugins/com.st.stm32cube.ide.mcu.externaltools.gnu-tools-for-stm32.10.3-2021.10.win32_1.0.200.202301161003/tools/bin/../lib/gcc/arm-none-eabi/10.3.1/../../../../arm-none-eabi/lib/thumb/v7e-m+fp/hard\libc_nano.a(lib_a-lock.o)
                0x0000000020000656                __lock___sinit_recursive_mutex
 *fill*         0x0000000020000657        0x1 
 .bss.errno     0x0000000020000658        0x4 c:/st/stm32cubeide_1.12.1/stm32cubeide/plugins/com.st.stm32cube.ide.mcu.externaltools.gnu-tools-for-stm32.10.3-2021.10.win32_1.0.200.202301161003/tools/bin/../lib/gcc/arm-none-eabi/10.3.1/../../../../arm-none-eabi/lib/thumb/v7e-m+fp/hard\libc_nano.a(lib_a-reent.o)
                0x0000000020000658                errno
 *(COMMON)
                0x000000002000065c                . = ALIGN (0x4)
                0x000000002000065c                _ebss = .
                0x000000002000065c                __bss_end__ = _ebss

._user_heap_stack
                0x000000002000065c      0x604 load address 0x0000000008007df0
                0x0000000020000660                . = ALIGN (0x8)
 *fill*         0x000000002000065c        0x4 
                [!provide]                        PROVIDE (end = .)
                0x0000000020000660                PROVIDE (_end = .)
                0x0000000020000860                . = (. + _Min_Heap_Size)
 *fill*         0x0000000020000660      0x200 
                0x0000000020000c60                . = (. + _Min_Stack_Size)
 *fill*         0x0000000020000860      0x400 
                0x0000000020000c60                . = ALIGN (0x8)

/DISCARD/
 libc.a(*)
 libm.a(*)
 libgcc.a(*)

.ARM.attributes
                0x0000000000000000       0x30
 *(.ARM.attributes)
 .ARM.attributes
                0x0000000000000000       0x1e c:/st/stm32cubeide_1.12.1/stm32cubeide/plugins/com.st.stm32cube.ide.mcu.externaltools.gnu-tools-for-stm32.10.3-2021.10.win32_1.0.200.202301161003/tools/bin/../lib/gcc/arm-none-eabi/10.3.1/thumb/v7e-m+fp/hard/crti.o
 .ARM.attributes
                0x000000000000001e       0x34 c:/st/stm32cubeide_1.12.1/stm32cubeide/plugins/com.st.stm32cube.ide.mcu.externaltools.gnu-tools-for-stm32.10.3-2021.10.win32_1.0.200.202301161003/tools/bin/../lib/gcc/arm-none-eabi/10.3.1/thumb/v7e-m+fp/hard/crtbegin.o
 .ARM.attributes
                0x0000000000000052       0x34 ./Core/Src/gpio.o
 .ARM.attributes
                0x0000000000000086       0x34 ./Core/Src/i2c.o
 .ARM.attributes
                0x00000000000000ba       0x34 ./Core/Src/main.o
 .ARM.attributes
                0x00000000000000ee       0x34 ./Core/Src/retarget.o
 .ARM.attributes
                0x0000000000000122       0x34 ./Core/Src/stm32l4xx_hal_msp.o
 .ARM.attributes
                0x0000000000000156       0x34 ./Core/Src/stm32l4xx_it.o
 .ARM.attributes
                0x000000000000018a       0x34 ./Core/Src/syscalls.o
 .ARM.attributes
                0x00000000000001be       0x34 ./Core/Src/sysmem.o
 .ARM.attributes
                0x00000000000001f2       0x34 ./Core/Src/system_stm32l4xx.o
 .ARM.attributes
                0x0000000000000226       0x34 ./Core/Src/tim.o
 .ARM.attributes
                0x000000000000025a       0x34 ./Core/Src/u8g2_bitmap.o
 .ARM.attributes
                0x000000000000028e       0x34 ./Core/Src/u8g2_box.o
 .ARM.attributes
                0x00000000000002c2       0x34 ./Core/Src/u8g2_buffer.o
 .ARM.attributes
                0x00000000000002f6       0x34 ./Core/Src/u8g2_d_memory.o
 .ARM.attributes
                0x000000000000032a       0x34 ./Core/Src/u8g2_d_setup.o
 .ARM.attributes
                0x000000000000035e       0x34 ./Core/Src/u8g2_font.o
 .ARM.attributes
                0x0000000000000392       0x34 ./Core/Src/u8g2_fonts.o
 .ARM.attributes
                0x00000000000003c6       0x34 ./Core/Src/u8g2_hvline.o
 .ARM.attributes
                0x00000000000003fa       0x34 ./Core/Src/u8g2_intersection.o
 .ARM.attributes
                0x000000000000042e       0x34 ./Core/Src/u8g2_ll_hvline.o
 .ARM.attributes
                0x0000000000000462       0x34 ./Core/Src/u8g2_setup.o
 .ARM.attributes
                0x0000000000000496       0x34 ./Core/Src/u8x8_8x8.o
 .ARM.attributes
                0x00000000000004ca       0x34 ./Core/Src/u8x8_byte.o
 .ARM.attributes
                0x00000000000004fe       0x34 ./Core/Src/u8x8_cad.o
 .ARM.attributes
                0x0000000000000532       0x34 ./Core/Src/u8x8_d_ssd1306_128x64_noname.o
 .ARM.attributes
                0x0000000000000566       0x34 ./Core/Src/u8x8_display.o
 .ARM.attributes
                0x000000000000059a       0x34 ./Core/Src/u8x8_gpio.o
 .ARM.attributes
                0x00000000000005ce       0x34 ./Core/Src/u8x8_setup.o
 .ARM.attributes
                0x0000000000000602       0x34 ./Core/Src/u8x8_stm32_HAL.o
 .ARM.attributes
                0x0000000000000636       0x34 ./Core/Src/usart.o
 .ARM.attributes
                0x000000000000066a       0x21 ./Core/Startup/startup_stm32l476rgtx.o
 .ARM.attributes
                0x000000000000068b       0x34 ./Drivers/STM32L4xx_HAL_Driver/Src/stm32l4xx_hal.o
 .ARM.attributes
                0x00000000000006bf       0x34 ./Drivers/STM32L4xx_HAL_Driver/Src/stm32l4xx_hal_cortex.o
 .ARM.attributes
                0x00000000000006f3       0x34 ./Drivers/STM32L4xx_HAL_Driver/Src/stm32l4xx_hal_gpio.o
 .ARM.attributes
                0x0000000000000727       0x34 ./Drivers/STM32L4xx_HAL_Driver/Src/stm32l4xx_hal_i2c.o
 .ARM.attributes
                0x000000000000075b       0x34 ./Drivers/STM32L4xx_HAL_Driver/Src/stm32l4xx_hal_i2c_ex.o
 .ARM.attributes
                0x000000000000078f       0x34 ./Drivers/STM32L4xx_HAL_Driver/Src/stm32l4xx_hal_pwr_ex.o
 .ARM.attributes
                0x00000000000007c3       0x34 ./Drivers/STM32L4xx_HAL_Driver/Src/stm32l4xx_hal_rcc.o
 .ARM.attributes
                0x00000000000007f7       0x34 ./Drivers/STM32L4xx_HAL_Driver/Src/stm32l4xx_hal_rcc_ex.o
 .ARM.attributes
                0x000000000000082b       0x34 ./Drivers/STM32L4xx_HAL_Driver/Src/stm32l4xx_hal_tim.o
 .ARM.attributes
                0x000000000000085f       0x34 ./Drivers/STM32L4xx_HAL_Driver/Src/stm32l4xx_hal_tim_ex.o
 .ARM.attributes
                0x0000000000000893       0x34 ./Drivers/STM32L4xx_HAL_Driver/Src/stm32l4xx_hal_uart.o
 .ARM.attributes
                0x00000000000008c7       0x34 c:/st/stm32cubeide_1.12.1/stm32cubeide/plugins/com.st.stm32cube.ide.mcu.externaltools.gnu-tools-for-stm32.10.3-2021.10.win32_1.0.200.202301161003/tools/bin/../lib/gcc/arm-none-eabi/10.3.1/../../../../arm-none-eabi/lib/thumb/v7e-m+fp/hard\libc_nano.a(lib_a-errno.o)
 .ARM.attributes
                0x00000000000008fb       0x34 c:/st/stm32cubeide_1.12.1/stm32cubeide/plugins/com.st.stm32cube.ide.mcu.externaltools.gnu-tools-for-stm32.10.3-2021.10.win32_1.0.200.202301161003/tools/bin/../lib/gcc/arm-none-eabi/10.3.1/../../../../arm-none-eabi/lib/thumb/v7e-m+fp/hard\libc_nano.a(lib_a-impure.o)
 .ARM.attributes
                0x000000000000092f       0x34 c:/st/stm32cubeide_1.12.1/stm32cubeide/plugins/com.st.stm32cube.ide.mcu.externaltools.gnu-tools-for-stm32.10.3-2021.10.win32_1.0.200.202301161003/tools/bin/../lib/gcc/arm-none-eabi/10.3.1/../../../../arm-none-eabi/lib/thumb/v7e-m+fp/hard\libc_nano.a(lib_a-init.o)
 .ARM.attributes
                0x0000000000000963       0x34 c:/st/stm32cubeide_1.12.1/stm32cubeide/plugins/com.st.stm32cube.ide.mcu.externaltools.gnu-tools-for-stm32.10.3-2021.10.win32_1.0.200.202301161003/tools/bin/../lib/gcc/arm-none-eabi/10.3.1/../../../../arm-none-eabi/lib/thumb/v7e-m+fp/hard\libc_nano.a(lib_a-malloc.o)
 .ARM.attributes
                0x0000000000000997       0x34 c:/st/stm32cubeide_1.12.1/stm32cubeide/plugins/com.st.stm32cube.ide.mcu.externaltools.gnu-tools-for-stm32.10.3-2021.10.win32_1.0.200.202301161003/tools/bin/../lib/gcc/arm-none-eabi/10.3.1/../../../../arm-none-eabi/lib/thumb/v7e-m+fp/hard\libc_nano.a(lib_a-memset.o)
 .ARM.attributes
                0x00000000000009cb       0x34 c:/st/stm32cubeide_1.12.1/stm32cubeide/plugins/com.st.stm32cube.ide.mcu.externaltools.gnu-tools-for-stm32.10.3-2021.10.win32_1.0.200.202301161003/tools/bin/../lib/gcc/arm-none-eabi/10.3.1/../../../../arm-none-eabi/lib/thumb/v7e-m+fp/hard\libc_nano.a(lib_a-nano-freer.o)
 .ARM.attributes
                0x00000000000009ff       0x34 c:/st/stm32cubeide_1.12.1/stm32cubeide/plugins/com.st.stm32cube.ide.mcu.externaltools.gnu-tools-for-stm32.10.3-2021.10.win32_1.0.200.202301161003/tools/bin/../lib/gcc/arm-none-eabi/10.3.1/../../../../arm-none-eabi/lib/thumb/v7e-m+fp/hard\libc_nano.a(lib_a-nano-mallocr.o)
 .ARM.attributes
                0x0000000000000a33       0x34 c:/st/stm32cubeide_1.12.1/stm32cubeide/plugins/com.st.stm32cube.ide.mcu.externaltools.gnu-tools-for-stm32.10.3-2021.10.win32_1.0.200.202301161003/tools/bin/../lib/gcc/arm-none-eabi/10.3.1/../../../../arm-none-eabi/lib/thumb/v7e-m+fp/hard\libc_nano.a(lib_a-printf.o)
 .ARM.attributes
                0x0000000000000a67       0x34 c:/st/stm32cubeide_1.12.1/stm32cubeide/plugins/com.st.stm32cube.ide.mcu.externaltools.gnu-tools-for-stm32.10.3-2021.10.win32_1.0.200.202301161003/tools/bin/../lib/gcc/arm-none-eabi/10.3.1/../../../../arm-none-eabi/lib/thumb/v7e-m+fp/hard\libc_nano.a(lib_a-puts.o)
 .ARM.attributes
                0x0000000000000a9b       0x34 c:/st/stm32cubeide_1.12.1/stm32cubeide/plugins/com.st.stm32cube.ide.mcu.externaltools.gnu-tools-for-stm32.10.3-2021.10.win32_1.0.200.202301161003/tools/bin/../lib/gcc/arm-none-eabi/10.3.1/../../../../arm-none-eabi/lib/thumb/v7e-m+fp/hard\libc_nano.a(lib_a-sbrkr.o)
 .ARM.attributes
                0x0000000000000acf       0x34 c:/st/stm32cubeide_1.12.1/stm32cubeide/plugins/com.st.stm32cube.ide.mcu.externaltools.gnu-tools-for-stm32.10.3-2021.10.win32_1.0.200.202301161003/tools/bin/../lib/gcc/arm-none-eabi/10.3.1/../../../../arm-none-eabi/lib/thumb/v7e-m+fp/hard\libc_nano.a(lib_a-wbuf.o)
 .ARM.attributes
                0x0000000000000b03       0x34 c:/st/stm32cubeide_1.12.1/stm32cubeide/plugins/com.st.stm32cube.ide.mcu.externaltools.gnu-tools-for-stm32.10.3-2021.10.win32_1.0.200.202301161003/tools/bin/../lib/gcc/arm-none-eabi/10.3.1/../../../../arm-none-eabi/lib/thumb/v7e-m+fp/hard\libc_nano.a(lib_a-wsetup.o)
 .ARM.attributes
                0x0000000000000b37       0x34 c:/st/stm32cubeide_1.12.1/stm32cubeide/plugins/com.st.stm32cube.ide.mcu.externaltools.gnu-tools-for-stm32.10.3-2021.10.win32_1.0.200.202301161003/tools/bin/../lib/gcc/arm-none-eabi/10.3.1/../../../../arm-none-eabi/lib/thumb/v7e-m+fp/hard\libc_nano.a(lib_a-fflush.o)
 .ARM.attributes
                0x0000000000000b6b       0x34 c:/st/stm32cubeide_1.12.1/stm32cubeide/plugins/com.st.stm32cube.ide.mcu.externaltools.gnu-tools-for-stm32.10.3-2021.10.win32_1.0.200.202301161003/tools/bin/../lib/gcc/arm-none-eabi/10.3.1/../../../../arm-none-eabi/lib/thumb/v7e-m+fp/hard\libc_nano.a(lib_a-findfp.o)
 .ARM.attributes
                0x0000000000000b9f       0x34 c:/st/stm32cubeide_1.12.1/stm32cubeide/plugins/com.st.stm32cube.ide.mcu.externaltools.gnu-tools-for-stm32.10.3-2021.10.win32_1.0.200.202301161003/tools/bin/../lib/gcc/arm-none-eabi/10.3.1/../../../../arm-none-eabi/lib/thumb/v7e-m+fp/hard\libc_nano.a(lib_a-fwalk.o)
 .ARM.attributes
                0x0000000000000bd3       0x34 c:/st/stm32cubeide_1.12.1/stm32cubeide/plugins/com.st.stm32cube.ide.mcu.externaltools.gnu-tools-for-stm32.10.3-2021.10.win32_1.0.200.202301161003/tools/bin/../lib/gcc/arm-none-eabi/10.3.1/../../../../arm-none-eabi/lib/thumb/v7e-m+fp/hard\libc_nano.a(lib_a-lock.o)
 .ARM.attributes
                0x0000000000000c07       0x34 c:/st/stm32cubeide_1.12.1/stm32cubeide/plugins/com.st.stm32cube.ide.mcu.externaltools.gnu-tools-for-stm32.10.3-2021.10.win32_1.0.200.202301161003/tools/bin/../lib/gcc/arm-none-eabi/10.3.1/../../../../arm-none-eabi/lib/thumb/v7e-m+fp/hard\libc_nano.a(lib_a-makebuf.o)
 .ARM.attributes
                0x0000000000000c3b       0x34 c:/st/stm32cubeide_1.12.1/stm32cubeide/plugins/com.st.stm32cube.ide.mcu.externaltools.gnu-tools-for-stm32.10.3-2021.10.win32_1.0.200.202301161003/tools/bin/../lib/gcc/arm-none-eabi/10.3.1/../../../../arm-none-eabi/lib/thumb/v7e-m+fp/hard\libc_nano.a(lib_a-mlock.o)
 .ARM.attributes
                0x0000000000000c6f       0x34 c:/st/stm32cubeide_1.12.1/stm32cubeide/plugins/com.st.stm32cube.ide.mcu.externaltools.gnu-tools-for-stm32.10.3-2021.10.win32_1.0.200.202301161003/tools/bin/../lib/gcc/arm-none-eabi/10.3.1/../../../../arm-none-eabi/lib/thumb/v7e-m+fp/hard\libc_nano.a(lib_a-nano-vfprintf.o)
 .ARM.attributes
                0x0000000000000ca3       0x34 c:/st/stm32cubeide_1.12.1/stm32cubeide/plugins/com.st.stm32cube.ide.mcu.externaltools.gnu-tools-for-stm32.10.3-2021.10.win32_1.0.200.202301161003/tools/bin/../lib/gcc/arm-none-eabi/10.3.1/../../../../arm-none-eabi/lib/thumb/v7e-m+fp/hard\libc_nano.a(lib_a-nano-vfprintf_i.o)
 .ARM.attributes
                0x0000000000000cd7       0x34 c:/st/stm32cubeide_1.12.1/stm32cubeide/plugins/com.st.stm32cube.ide.mcu.externaltools.gnu-tools-for-stm32.10.3-2021.10.win32_1.0.200.202301161003/tools/bin/../lib/gcc/arm-none-eabi/10.3.1/../../../../arm-none-eabi/lib/thumb/v7e-m+fp/hard\libc_nano.a(lib_a-reent.o)
 .ARM.attributes
                0x0000000000000d0b       0x34 c:/st/stm32cubeide_1.12.1/stm32cubeide/plugins/com.st.stm32cube.ide.mcu.externaltools.gnu-tools-for-stm32.10.3-2021.10.win32_1.0.200.202301161003/tools/bin/../lib/gcc/arm-none-eabi/10.3.1/../../../../arm-none-eabi/lib/thumb/v7e-m+fp/hard\libc_nano.a(lib_a-stdio.o)
 .ARM.attributes
                0x0000000000000d3f       0x34 c:/st/stm32cubeide_1.12.1/stm32cubeide/plugins/com.st.stm32cube.ide.mcu.externaltools.gnu-tools-for-stm32.10.3-2021.10.win32_1.0.200.202301161003/tools/bin/../lib/gcc/arm-none-eabi/10.3.1/../../../../arm-none-eabi/lib/thumb/v7e-m+fp/hard\libc_nano.a(lib_a-writer.o)
 .ARM.attributes
                0x0000000000000d73       0x34 c:/st/stm32cubeide_1.12.1/stm32cubeide/plugins/com.st.stm32cube.ide.mcu.externaltools.gnu-tools-for-stm32.10.3-2021.10.win32_1.0.200.202301161003/tools/bin/../lib/gcc/arm-none-eabi/10.3.1/../../../../arm-none-eabi/lib/thumb/v7e-m+fp/hard\libc_nano.a(lib_a-closer.o)
 .ARM.attributes
                0x0000000000000da7       0x34 c:/st/stm32cubeide_1.12.1/stm32cubeide/plugins/com.st.stm32cube.ide.mcu.externaltools.gnu-tools-for-stm32.10.3-2021.10.win32_1.0.200.202301161003/tools/bin/../lib/gcc/arm-none-eabi/10.3.1/../../../../arm-none-eabi/lib/thumb/v7e-m+fp/hard\libc_nano.a(lib_a-fstatr.o)
 .ARM.attributes
                0x0000000000000ddb       0x34 c:/st/stm32cubeide_1.12.1/stm32cubeide/plugins/com.st.stm32cube.ide.mcu.externaltools.gnu-tools-for-stm32.10.3-2021.10.win32_1.0.200.202301161003/tools/bin/../lib/gcc/arm-none-eabi/10.3.1/../../../../arm-none-eabi/lib/thumb/v7e-m+fp/hard\libc_nano.a(lib_a-isattyr.o)
 .ARM.attributes
                0x0000000000000e0f       0x34 c:/st/stm32cubeide_1.12.1/stm32cubeide/plugins/com.st.stm32cube.ide.mcu.externaltools.gnu-tools-for-stm32.10.3-2021.10.win32_1.0.200.202301161003/tools/bin/../lib/gcc/arm-none-eabi/10.3.1/../../../../arm-none-eabi/lib/thumb/v7e-m+fp/hard\libc_nano.a(lib_a-lseekr.o)
 .ARM.attributes
                0x0000000000000e43       0x1c c:/st/stm32cubeide_1.12.1/stm32cubeide/plugins/com.st.stm32cube.ide.mcu.externaltools.gnu-tools-for-stm32.10.3-2021.10.win32_1.0.200.202301161003/tools/bin/../lib/gcc/arm-none-eabi/10.3.1/../../../../arm-none-eabi/lib/thumb/v7e-m+fp/hard\libc_nano.a(lib_a-memchr.o)
 .ARM.attributes
                0x0000000000000e5f       0x34 c:/st/stm32cubeide_1.12.1/stm32cubeide/plugins/com.st.stm32cube.ide.mcu.externaltools.gnu-tools-for-stm32.10.3-2021.10.win32_1.0.200.202301161003/tools/bin/../lib/gcc/arm-none-eabi/10.3.1/../../../../arm-none-eabi/lib/thumb/v7e-m+fp/hard\libc_nano.a(lib_a-readr.o)
 .ARM.attributes
                0x0000000000000e93       0x1e c:/st/stm32cubeide_1.12.1/stm32cubeide/plugins/com.st.stm32cube.ide.mcu.externaltools.gnu-tools-for-stm32.10.3-2021.10.win32_1.0.200.202301161003/tools/bin/../lib/gcc/arm-none-eabi/10.3.1/thumb/v7e-m+fp/hard\libgcc.a(_aeabi_uldivmod.o)
 .ARM.attributes
                0x0000000000000eb1       0x34 c:/st/stm32cubeide_1.12.1/stm32cubeide/plugins/com.st.stm32cube.ide.mcu.externaltools.gnu-tools-for-stm32.10.3-2021.10.win32_1.0.200.202301161003/tools/bin/../lib/gcc/arm-none-eabi/10.3.1/thumb/v7e-m+fp/hard\libgcc.a(_udivmoddi4.o)
 .ARM.attributes
                0x0000000000000ee5       0x1e c:/st/stm32cubeide_1.12.1/stm32cubeide/plugins/com.st.stm32cube.ide.mcu.externaltools.gnu-tools-for-stm32.10.3-2021.10.win32_1.0.200.202301161003/tools/bin/../lib/gcc/arm-none-eabi/10.3.1/thumb/v7e-m+fp/hard\libgcc.a(_dvmd_tls.o)
 .ARM.attributes
                0x0000000000000f03       0x1e c:/st/stm32cubeide_1.12.1/stm32cubeide/plugins/com.st.stm32cube.ide.mcu.externaltools.gnu-tools-for-stm32.10.3-2021.10.win32_1.0.200.202301161003/tools/bin/../lib/gcc/arm-none-eabi/10.3.1/thumb/v7e-m+fp/hard/crtn.o
OUTPUT(test1.elf elf32-littlearm)
LOAD linker stubs
LOAD c:/st/stm32cubeide_1.12.1/stm32cubeide/plugins/com.st.stm32cube.ide.mcu.externaltools.gnu-tools-for-stm32.10.3-2021.10.win32_1.0.200.202301161003/tools/bin/../lib/gcc/arm-none-eabi/10.3.1/../../../../arm-none-eabi/lib/thumb/v7e-m+fp/hard\libc.a
LOAD c:/st/stm32cubeide_1.12.1/stm32cubeide/plugins/com.st.stm32cube.ide.mcu.externaltools.gnu-tools-for-stm32.10.3-2021.10.win32_1.0.200.202301161003/tools/bin/../lib/gcc/arm-none-eabi/10.3.1/../../../../arm-none-eabi/lib/thumb/v7e-m+fp/hard\libm.a
LOAD c:/st/stm32cubeide_1.12.1/stm32cubeide/plugins/com.st.stm32cube.ide.mcu.externaltools.gnu-tools-for-stm32.10.3-2021.10.win32_1.0.200.202301161003/tools/bin/../lib/gcc/arm-none-eabi/10.3.1/thumb/v7e-m+fp/hard\libgcc.a

.debug_info     0x0000000000000000    0x3f38a
 .debug_info    0x0000000000000000      0x4ef ./Core/Src/gpio.o
 .debug_info    0x00000000000004ef      0xd15 ./Core/Src/i2c.o
 .debug_info    0x0000000000001204      0xdce ./Core/Src/main.o
 .debug_info    0x0000000000001fd2      0x6ff ./Core/Src/retarget.o
 .debug_info    0x00000000000026d1      0x308 ./Core/Src/stm32l4xx_hal_msp.o
 .debug_info    0x00000000000029d9      0x764 ./Core/Src/stm32l4xx_it.o
 .debug_info    0x000000000000313d      0x6e0 ./Core/Src/syscalls.o
 .debug_info    0x000000000000381d      0x171 ./Core/Src/sysmem.o
 .debug_info    0x000000000000398e      0x5c6 ./Core/Src/system_stm32l4xx.o
 .debug_info    0x0000000000003f54      0xd04 ./Core/Src/tim.o
 .debug_info    0x0000000000004c58      0xbce ./Core/Src/u8g2_bitmap.o